Component: ARM Compiler 5.06 update 7 (build 960) Tool: armlink [4d3601]

==============================================================================

Section Cross References

    startup_stm32l452xx.o(RESET) refers to startup_stm32l452xx.o(STACK) for __initial_sp
    startup_stm32l452xx.o(RESET) refers to startup_stm32l452xx.o(.text) for Reset_Handler
    startup_stm32l452xx.o(RESET) refers to stm32l4xx_it.o(i.NMI_Handler) for NMI_Handler
    startup_stm32l452xx.o(RESET) refers to stm32l4xx_it.o(i.HardFault_Handler) for HardFault_Handler
    startup_stm32l452xx.o(RESET) refers to stm32l4xx_it.o(i.MemManage_Handler) for MemManage_Handler
    startup_stm32l452xx.o(RESET) refers to stm32l4xx_it.o(i.BusFault_Handler) for BusFault_Handler
    startup_stm32l452xx.o(RESET) refers to stm32l4xx_it.o(i.UsageFault_Handler) for UsageFault_Handler
    startup_stm32l452xx.o(RESET) refers to stm32l4xx_it.o(i.SVC_Handler) for SVC_Handler
    startup_stm32l452xx.o(RESET) refers to stm32l4xx_it.o(i.DebugMon_Handler) for DebugMon_Handler
    startup_stm32l452xx.o(RESET) refers to stm32l4xx_it.o(i.PendSV_Handler) for PendSV_Handler
    startup_stm32l452xx.o(RESET) refers to stm32l4xx_it.o(i.SysTick_Handler) for SysTick_Handler
    startup_stm32l452xx.o(RESET) refers to stm32l4xx_it.o(i.DMA1_Channel3_IRQHandler) for DMA1_Channel3_IRQHandler
    startup_stm32l452xx.o(RESET) refers to stm32l4xx_it.o(i.USART2_IRQHandler) for USART2_IRQHandler
    startup_stm32l452xx.o(RESET) refers to stm32l4xx_it.o(i.EXTI15_10_IRQHandler) for EXTI15_10_IRQHandler
    startup_stm32l452xx.o(.text) refers to system_stm32l4xx.o(i.SystemInit) for SystemInit
    startup_stm32l452xx.o(.text) refers to entry.o(.ARM.Collect$$$$00000000) for __main
    gt30l32s4w.o(i.GC90A1_Init) refers to stm32l4xx_hal.o(i.HAL_Delay) for HAL_Delay
    gt30l32s4w.o(i.GC90A1_Init) refers to gt30l32s4w.o(i.LCD_Write_REG) for LCD_Write_REG
    gt30l32s4w.o(i.GC90A1_Init) refers to gt30l32s4w.o(i.LCD_WR_DATA8) for LCD_WR_DATA8
    gt30l32s4w.o(i.LCD_Adr_Set) refers to gt30l32s4w.o(i.LCD_Write_REG) for LCD_Write_REG
    gt30l32s4w.o(i.LCD_Adr_Set) refers to gt30l32s4w.o(i.LCD_WR_DATA8) for LCD_WR_DATA8
    gt30l32s4w.o(i.LCD_Bitmap) refers to gt30l32s4w.o(i.LCD_Adr_Set) for LCD_Adr_Set
    gt30l32s4w.o(i.LCD_Bitmap) refers to gt30l32s4w.o(i.LCD_Write_REG) for LCD_Write_REG
    gt30l32s4w.o(i.LCD_Bitmap) refers to gt30l32s4w.o(i.LCD_WR_DATA8) for LCD_WR_DATA8
    gt30l32s4w.o(i.LCD_Draw16BppLine) refers to gt30l32s4w.o(i.LCD_Adr_Set) for LCD_Adr_Set
    gt30l32s4w.o(i.LCD_Draw16BppLine) refers to gt30l32s4w.o(i.LCD_Write_REG) for LCD_Write_REG
    gt30l32s4w.o(i.LCD_Draw16BppLine) refers to stm32l4xx_hal_spi.o(i.HAL_SPI_Transmit_DMA) for HAL_SPI_Transmit_DMA
    gt30l32s4w.o(i.LCD_Draw16BppLine) refers to stm32l4xx_hal_dma.o(i.HAL_DMA_GetState) for HAL_DMA_GetState
    gt30l32s4w.o(i.LCD_Draw16BppLine) refers to spi.o(.bss) for hspi1
    gt30l32s4w.o(i.LCD_DrawPoint) refers to gt30l32s4w.o(i.LCD_Adr_Set) for LCD_Adr_Set
    gt30l32s4w.o(i.LCD_DrawPoint) refers to gt30l32s4w.o(i.LCD_Write_REG) for LCD_Write_REG
    gt30l32s4w.o(i.LCD_DrawPoint) refers to gt30l32s4w.o(i.LCD_Write_Data16) for LCD_Write_Data16
    gt30l32s4w.o(i.LCD_Fill) refers to gt30l32s4w.o(i.LCD_Write_REG) for LCD_Write_REG
    gt30l32s4w.o(i.LCD_Fill) refers to gt30l32s4w.o(i.LCD_WR_DATA8) for LCD_WR_DATA8
    gt30l32s4w.o(i.LCD_Fill) refers to gt30l32s4w.o(i.LCD_Write_Data16) for LCD_Write_Data16
    gt30l32s4w.o(i.LCD_Fillin) refers to gt30l32s4w.o(i.LCD_Adr_Set) for LCD_Adr_Set
    gt30l32s4w.o(i.LCD_Fillin) refers to gt30l32s4w.o(i.LCD_Write_REG) for LCD_Write_REG
    gt30l32s4w.o(i.LCD_Fillin) refers to stm32l4xx_hal_spi.o(i.HAL_SPI_Transmit_DMA) for HAL_SPI_Transmit_DMA
    gt30l32s4w.o(i.LCD_Fillin) refers to stm32l4xx_hal_dma.o(i.HAL_DMA_GetState) for HAL_DMA_GetState
    gt30l32s4w.o(i.LCD_Fillin) refers to spi.o(.bss) for hspi1
    gt30l32s4w.o(i.LCD_Init) refers to gt30l32s4w.o(i.LCD_Write_REG) for LCD_Write_REG
    gt30l32s4w.o(i.LCD_Init) refers to stm32l4xx_hal.o(i.HAL_Delay) for HAL_Delay
    gt30l32s4w.o(i.LCD_Init) refers to gt30l32s4w.o(i.LCD_WR_DATA8) for LCD_WR_DATA8
    gt30l32s4w.o(i.LCD_Init) refers to gt30l32s4w.o(i.LCD_Adr_Set) for LCD_Adr_Set
    gt30l32s4w.o(i.LCD_SPI_FULLMASTER) refers to stm32l4xx_hal_spi.o(i.HAL_SPI_TransmitReceive_DMA) for HAL_SPI_TransmitReceive_DMA
    gt30l32s4w.o(i.LCD_WR_DATA8) refers to stm32l4xx_hal_spi.o(i.HAL_SPI_Transmit_DMA) for HAL_SPI_Transmit_DMA
    gt30l32s4w.o(i.LCD_WR_DATA8) refers to stm32l4xx_hal_dma.o(i.HAL_DMA_GetState) for HAL_DMA_GetState
    gt30l32s4w.o(i.LCD_WR_DATA8) refers to spi.o(.bss) for hspi1
    gt30l32s4w.o(i.LCD_Write_Data16) refers to stm32l4xx_hal_spi.o(i.HAL_SPI_Transmit_DMA) for HAL_SPI_Transmit_DMA
    gt30l32s4w.o(i.LCD_Write_Data16) refers to stm32l4xx_hal_dma.o(i.HAL_DMA_GetState) for HAL_DMA_GetState
    gt30l32s4w.o(i.LCD_Write_Data16) refers to spi.o(.bss) for hspi1
[...]
    Removing GUIDEV_GetDataPtr.o(.text), (0 bytes).
    Removing GUIDEV_GetDataPtr.o(.data), (0 bytes).
    Removing GUIDEV_GetDataPtr.o(.bss), (0 bytes).
    Removing GUIDEV_GetDataPtr.o(.text.GUI_MEMDEV_GetDataPtr), (32 bytes).
    Removing GUIDEV_GetPos.o(.text), (0 bytes).
    Removing GUIDEV_GetPos.o(.data), (0 bytes).
    Removing GUIDEV_GetPos.o(.bss), (0 bytes).
    Removing GUIDEV_GetPos.o(.text.GUI_MEMDEV_GetXPos), (48 bytes).
    Removing GUIDEV_GetPos.o(.text.GUI_MEMDEV_GetYPos), (48 bytes).
    Removing GUIDEV_GetXSize.o(.text), (0 bytes).
    Removing GUIDEV_GetXSize.o(.data), (0 bytes).
    Removing GUIDEV_GetXSize.o(.bss), (0 bytes).
    Removing GUIDEV_GetXSize.o(.text.GUI_MEMDEV_GetXSize), (48 bytes).
    Removing GUIDEV_GetYSize.o(.text), (0 bytes).
    Removing GUIDEV_GetYSize.o(.data), (0 bytes).
    Removing GUIDEV_GetYSize.o(.bss), (0 bytes).
    Removing GUIDEV_GetYSize.o(.text.GUI_MEMDEV_GetYSize), (48 bytes).
    Removing GUIDEV_ReduceYSize.o(.text), (0 bytes).
    Removing GUIDEV_ReduceYSize.o(.data), (0 bytes).
    Removing GUIDEV_ReduceYSize.o(.bss), (0 bytes).
    Removing GUIDEV_ReduceYSize.o(.text.GUI_MEMDEV_ReduceYSize), (44 bytes).
    Removing GUIDEV_SetOrg.o(.text), (0 bytes).
    Removing GUIDEV_SetOrg.o(.data), (0 bytes).
    Removing GUIDEV_SetOrg.o(.bss), (0 bytes).
    Removing GUIDEV_SetOrg.o(.text.GUI_MEMDEV_SetOrg), (88 bytes).
    Removing GUIDEV_Usage.o(.text), (0 bytes).
    Removing GUIDEV_Usage.o(.data), (0 bytes).
    Removing GUIDEV_Usage.o(.bss), (0 bytes).
    Removing GUIDEV_Usage.o(.text.GUI_USAGE_Select), (36 bytes).
    Removing GUIDEV_Usage.o(.text.GUI_USAGE_DecUseCnt), (40 bytes).
    Removing GUIDEV_Usage.o(.text.GUI_USAGE_AddRect), (38 bytes).
    Removing GUIDEV_UsageBM.o(.text), (0 bytes).
    Removing GUIDEV_UsageBM.o(.data), (0 bytes).
    Removing GUIDEV_UsageBM.o(.bss), (0 bytes).
    Removing GUIDEV_UsageBM.o(.text.GUI_USAGE_BM_AddPixel), (40 bytes).
    Removing GUIDEV_UsageBM.o(.text.GUI_USAGE_BM_GetNextDirty), (156 bytes).
    Removing GUIDEV_UsageBM.o(.text._GUI_USAGE_BM_Delete), (4 bytes).
    Removing GUIDEV_UsageBM.o(.text.GUI_USAGE_BM_Clear), (16 bytes).
    Removing GUIDEV_UsageBM.o(.text.GUI_USAGE_BM_AddHLine), (120 bytes).
    Removing GUIDEV_UsageBM.o(.text.GUI_USAGE_BM_Create), (84 bytes).
    Removing GUIDEV_UsageBM.o(.rodata), (24 bytes).
    Removing GUIDEV_Write.o(.text), (0 bytes).
    Removing GUIDEV_Write.o(.data), (0 bytes).
    Removing GUIDEV_Write.o(.bss), (0 bytes).
    Removing GUIDEV_Write.o(.text.GUI_MEMDEV_WriteAt), (96 bytes).
    Removing GUIDEV_Write.o(.text.GUI_MEMDEV_Write), (12 bytes).
    Removing GUIDEV_Write.o(.text.GUI_MEMDEV_WriteOpaqueAt), (96 bytes).
    Removing GUIDEV_Write.o(.text.GUI_MEMDEV_WriteOpaque), (12 bytes).
    Removing GUIDEV_WriteToActiveOpaque.o(.text), (0 bytes).
    Removing GUIDEV_WriteToActiveOpaque.o(.data), (0 bytes).
    Removing GUIDEV_WriteToActiveOpaque.o(.bss), (0 bytes).
    Removing GUIDEV_WriteToActiveOpaque.o(.text._Convert16), (78 bytes).
    Removing GUIDEV_WriteToActiveOpaque.o(.text._Convert8), (82 bytes).
    Removing GUIDEV_WriteToActiveOpaque.o(.text.GUI_MEMDEV__WriteToActiveOpaque), (1874 bytes).
    Removing WM_PID__GetPrevState.o(.text), (0 bytes).
    Removing WM_PID__GetPrevState.o(.data), (0 bytes).
    Removing WM_PID__GetPrevState.o(.bss), (24 bytes).
    Removing WM_PID__GetPrevState.o(.text.WM_PID__GetPrevState), (24 bytes).
    Removing WM_PID__GetPrevState.o(.text.WM_PID__SetPrevState), (20 bytes).
    Removing WM_Screen2Win.o(.text), (0 bytes).
    Removing WM_Screen2Win.o(.data), (0 bytes).
    Removing WM_Screen2Win.o(.bss), (0 bytes).
    Removing WM_Screen2Win.o(.text.WM__IsInWindow), (54 bytes).
    Removing WM_Screen2Win.o(.text._Screen2hWin), (96 bytes).
    Removing WM_Screen2Win.o(.text.WM_Screen2hWin), (32 bytes).
    Removing WM_Screen2Win.o(.text.WM_Screen2hWinEx), (36 bytes).
    Removing WM_SetCapture.o(.text), (0 bytes).
    Removing WM_SetCapture.o(.data), (0 bytes).
    Removing WM_SetCapture.o(.bss), (0 bytes).
    Removing WM_SetCapture.o(.text.WM__ReleaseCapture), (48 bytes).
    Removing WM_SetCapture.o(.text.WM_SetCapture), (52 bytes).
    Removing WM_SetCapture.o(.text.WM_ReleaseCapture), (4 bytes).
    Removing GUI_CursorResource.o(.text), (0 bytes).
    Removing GUI_CursorResource.o(.data), (60 bytes).
    Removing GUI_CursorResource.o(.bss), (0 bytes).
    Removing GUI_CursorResource.o(.rodata), (5252 bytes).
    Removing GUI_DrawBitmap.o(.text), (0 bytes).
    Removing GUI_DrawBitmap.o(.data), (0 bytes).
    Removing GUI_DrawBitmap.o(.bss), (0 bytes).
    Removing GUI_DrawBitmap.o(.text.GL_DrawBitmap), (168 bytes).
    Removing GUI_DrawBitmap.o(.text.GUI_PreserveTrans), (36 bytes).
    Removing GUI_DrawBitmap.o(.text.GUI_DrawBitmap), (76 bytes).
    Removing GUI_SPRITE.o(.text), (0 bytes).
    Removing GUI_SPRITE.o(.data), (0 bytes).
    Removing GUI_SPRITE.o(.bss), (0 bytes).
    Removing GUI_SPRITE.o(.text._GetClipRect), (236 bytes).
    Removing GUI_SPRITE.o(.text._GetClipParam), (304 bytes).
    Removing GUI_SPRITE.o(.text._GetDevData), (4 bytes).
    Removing GUI_SPRITE.o(.text._SetOrg), (12 bytes).
    Removing GUI_SPRITE.o(.text._GetDevFunc), (40 bytes).
    Removing GUI_SPRITE.o(.text._GetDevProp), (12 bytes).
    Removing GUI_SPRITE.o(.text._GetRect), (12 bytes).
    Removing GUI_SPRITE.o(.text._PixelExists), (68 bytes).
    Removing GUI_SPRITE.o(.text._GetPixelIndex), (100 bytes).
    Removing GUI_SPRITE.o(.text._XorPixel), (224 bytes).
    Removing GUI_SPRITE.o(.text._SetPixelIndex), (204 bytes).
    Removing GUI_SPRITE.o(.text._FillRect), (498 bytes).
    Removing GUI_SPRITE.o(.text._DrawVLine), (454 bytes).
    Removing GUI_SPRITE.o(.text._DrawHLine), (478 bytes).
    Removing GUI_SPRITE.o(.text._DrawBitmap), (1002 bytes).
    Removing GUI_SPRITE.o(.text._Link), (28 bytes).
    Removing GUI_SPRITE.o(.text._CreateBuffer), (170 bytes).
    Removing GUI_SPRITE.o(.text._Unlink), (28 bytes).
    Removing GUI_SPRITE.o(.text._GetBkIndex.isra.0), (112 bytes).
    Removing GUI_SPRITE.o(.text._GetBkIndexAlpha.isra.2), (122 bytes).
    Removing GUI_SPRITE.o(.text._DoColorConversion.isra.3), (146 bytes).
    Removing GUI_SPRITE.o(.text._GetDeviceRect), (60 bytes).
    Removing GUI_SPRITE.o(.text._FlushBuffer.isra.5), (122 bytes).
    Removing GUI_SPRITE.o(.text._SetBkIndexBuffered), (68 bytes).
    Removing GUI_SPRITE.o(.text._ReleaseBuffer.isra.6), (30 bytes).
    Removing GUI_SPRITE.o(.text._SpriteDraw), (494 bytes).
    Removing GUI_SPRITE.o(.text._Undraw), (246 bytes).
    Removing GUI_SPRITE.o(.text.GUI_SPRITE__CreateEx), (192 bytes).
    Removing GUI_SPRITE.o(.text.GUI_SPRITE__SetCallback), (32 bytes).
    Removing GUI_SPRITE.o(.text.GUI_SPRITE_CreateEx), (14 bytes).
    Removing GUI_SPRITE.o(.text.GUI_SPRITE_Create), (16 bytes).
    Removing GUI_SPRITE.o(.text.GUI_SPRITE_CreateHiddenEx), (14 bytes).
    Removing GUI_SPRITE.o(.text.GUI_SPRITE_CreateHidden), (16 bytes).
    Removing GUI_SPRITE.o(.text.GUI_SPRITE_Delete), (66 bytes).
    Removing GUI_SPRITE.o(.text.GUI_SPRITE_SetPosition), (1214 bytes).
    Removing GUI_SPRITE.o(.text.GUI_SPRITE_SetBitmap), (634 bytes).
    Removing GUI_SPRITE.o(.text.GUI_SPRITE_SetBitmapAndPosition), (1170 bytes).
    Removing GUI_SPRITE.o(.text.GUI_SPRITE_Hide), (50 bytes).
    Removing GUI_SPRITE.o(.text.GUI_SPRITE_Show), (66 bytes).
    Removing GUI_SPRITE.o(.text.GUI_SPRITE_GetState), (34 bytes).
    Removing GUI_SPRITE.o(.rodata), (52 bytes).
    Removing GUI_SPRITE_Anim.o(.text), (0 bytes).
    Removing GUI_SPRITE_Anim.o(.data), (0 bytes).
    Removing GUI_SPRITE_Anim.o(.bss), (0 bytes).
    Removing GUI_SPRITE_Anim.o(.text._CreateTimer), (92 bytes).
    Removing GUI_SPRITE_Anim.o(.text._cbSprite), (98 bytes).
    Removing GUI_SPRITE_Anim.o(.text._cbTimer), (152 bytes).
    Removing GUI_SPRITE_Anim.o(.text.GUI_SPRITE_CreateExAnim), (132 bytes).
    Removing GUI_SPRITE_Anim.o(.text.GUI_SPRITE_CreateAnim), (32 bytes).
    Removing GUI_SPRITE_Anim.o(.text.GUI_SPRITE_StopAnim), (68 bytes).
    Removing GUI_SPRITE_Anim.o(.text.GUI_SPRITE_StartAnim), (70 bytes).
    Removing GUI_SPRITE_Anim.o(.text.GUI_SPRITE_SetLoop), (74 bytes).
    Removing GUI__CompactPixelIndices.o(.text), (0 bytes).
    Removing GUI__CompactPixelIndices.o(.data), (0 bytes).
    Removing GUI__CompactPixelIndices.o(.bss), (0 bytes).
    Removing GUI__CompactPixelIndices.o(.text.GUI__CompactPixelIndices), (350 bytes).
    Removing GUI__CompactPixelIndices.o(.text.GUI__ConvertColor2Index), (406 bytes).
    Removing GUI__CompactPixelIndices.o(.text.GUI__CompactPixelIndicesEx), (14 bytes).
    Removing LCD_AA.o(.text), (0 bytes).
    Removing LCD_AA.o(.data), (24 bytes).
    Removing LCD_AA.o(.bss), (0 bytes).
    Removing LCD_AA.o(.text.LCD_SetPixelAA4_NoTrans), (176 bytes).
    Removing LCD_AA.o(.text._MixColorsGamma16), (100 bytes).
    Removing LCD_AA.o(.text.LCD_AA_MixColors16), (72 bytes).
    Removing LCD_AA.o(.text.LCD_SetPixelAA4_Trans), (160 bytes).
    Removing LCD_AA.o(.text.LCD_AA_SetAndMask), (16 bytes).
    Removing LCD_AA.o(.text.LCD_AA_MixColors256), (24 bytes).
    Removing LCD_AA.o(.text.LCD_SetPixelAA8_Trans), (156 bytes).
    Removing LCD_AA.o(.text.LCD_SetPixelAA8_NoTrans), (172 bytes).
    Removing LCD_AA.o(.text.LCD_AA_SetGamma), (24 bytes).
    Removing LCD_AA.o(.text.LCD_AA_GetGamma), (24 bytes).
    Removing LCD_AA.o(.text.LCD_AA_EnableGamma), (32 bytes).
    Removing LCD_AA.o(.text.LCD__GetPfSetPixel), (72 bytes).
    Removing GUIDEV_WriteToActiveAlpha.o(.text), (0 bytes).
    Removing GUIDEV_WriteToActiveAlpha.o(.data), (0 bytes).
    Removing GUIDEV_WriteToActiveAlpha.o(.bss), (0 bytes).
    Removing GUIDEV_WriteToActiveAlpha.o(.text.GUI_MEMDEV__WriteToActiveAlpha), (394 bytes).
    Removing dadd.o(.text), (350 bytes).
    Removing dmul.o(.text), (234 bytes).
    Removing ddiv.o(.text), (222 bytes).
    Removing dfixul.o(.text), (48 bytes).
    Removing cdrcmple.o(.text), (48 bytes).
    Removing depilogue.o(.text), (186 bytes).
    Removing anon$$obj.o(GUI_ALLOC__Context), (192 bytes).
    Removing anon$$obj.o(GUI_pfExecAnimations), (4 bytes).
    Removing anon$$obj.o(GUI_pfUpdateSoftLayer), (4 bytes).
    Removing anon$$obj.o(GUI_pfHookMTOUCH), (4 bytes).
    Removing anon$$obj.o(GUI_pUC_API), (4 bytes).
    Removing anon$$obj.o(GUI_DecChar), (1 bytes).
    Removing anon$$obj.o(GUI_pfTimerExec), (4 bytes).
    Removing anon$$obj.o(WM_pfHandlePID), (4 bytes).
    Removing anon$$obj.o(GUI_pfDispCharStyle), (4 bytes).
    Removing anon$$obj.o(GUI_pfDispCharLine), (4 bytes).
    Removing anon$$obj.o(GUI__BufferSize), (4 bytes).
    Removing anon$$obj.o(GUI_AA__ClipX0), (4 bytes).
    Removing anon$$obj.o(GUI__aNumBuffers), (2 bytes).
    Removing anon$$obj.o(GUI__PreserveTrans), (1 bytes).
    Removing anon$$obj.o(GUI__IsInitialized), (1 bytes).
    Removing anon$$obj.o(GUI__NumLayersInUse), (1 bytes).
    Removing anon$$obj.o(GUI__LayerMask), (4 bytes).
    Removing anon$$obj.o(GUI_pLCD_APIList), (4 bytes).
    Removing anon$$obj.o(GUI_OrgX), (2 bytes).
    Removing anon$$obj.o(GUI_OrgY), (2 bytes).
    Removing anon$$obj.o(GUI_DCACHE__pfClearCacheHook), (4 bytes).
    Removing anon$$obj.o(GUI__apDevice), (8 bytes).
    Removing anon$$obj.o(GUI_MTOUCH__pStoreEvent), (4 bytes).
    Removing anon$$obj.o(GUI__pfDrawM565MemdevFunc), (4 bytes).
    Removing anon$$obj.o(GUI__pfDrawM565BitmapFunc), (4 bytes).
    Removing anon$$obj.o(LCD__aConvTable), (4 bytes).
    Removing anon$$obj.o(WM__pFirstCriticalHandle), (4 bytes).
    Removing anon$$obj.o(WM__ahWinFocus), (8 bytes).
    Removing anon$$obj.o(WM__ahCapture), (8 bytes).
    Removing anon$$obj.o(WM__TransWindowCnt), (4 bytes).
    Removing anon$$obj.o(WM__hATransWindow), (4 bytes).
    Removing anon$$obj.o(WM__CreateFlags), (4 bytes).
    Removing anon$$obj.o(WM_MULTIBUF__pAPI), (4 bytes).
    Removing anon$$obj.o(WM__pExecGestures), (4 bytes).
    Removing anon$$obj.o(WM__aCHWinModal), (16 bytes).
    Removing anon$$obj.o(WM__ahDesktopWin), (8 bytes).
    Removing anon$$obj.o(WM__aCHWinLast), (16 bytes).
    Removing anon$$obj.o(WM__aCHWinMouseOver), (16 bytes).
    Removing anon$$obj.o(WM__FirstWin), (4 bytes).
    Removing anon$$obj.o(WM__hCreateStatic), (4 bytes).
    Removing anon$$obj.o(WM__NumInvalidWindows), (2 bytes).
    Removing anon$$obj.o(WM__InvalidLayerMask), (4 bytes).
    Removing anon$$obj.o(WM__NumWindows), (2 bytes).
    Removing anon$$obj.o(WM__TouchedLayer), (4 bytes).
    Removing anon$$obj.o(WM_pfPollPID), (4 bytes).
    Removing anon$$obj.o(WM__PaintCallbackCnt), (1 bytes).
    Removing anon$$obj.o(WM__aBkColor), (8 bytes).
    Removing anon$$obj.o(WM__CaptureReleaseAuto), (1 bytes).
    Removing anon$$obj.o(GUI__pfDrawAlphaBitmapFunc), (4 bytes).
    Removing anon$$obj.o(GUI__pfDrawAlphaMemdevFunc), (4 bytes).
    Removing anon$$obj.o(GUI_RectDispString), (8 bytes).

1698 unused section(s) (total 195526 bytes) removed from the image.

==============================================================================

Image Symbol Table

    Local Symbols

    Symbol Name                              Value     Ov Type        Size  Object(Section)

    ../Core/Src/crc.c                        0x00000000   Number         0  crc.o ABSOLUTE
    ../Core/Src/dma.c                        0x00000000   Number         0  dma.o ABSOLUTE
    ../Core/Src/gpio.c                       0x00000000   Number         0  gpio.o ABSOLUTE
    ../Core/Src/i2c.c                        0x00000000   Number         0  i2c.o ABSOLUTE
    ../Core/Src/main.c                       0x00000000   Number         0  main.o ABSOLUTE
    ../Core/Src/spi.c                        0x00000000   Number         0  spi.o ABSOLUTE
    ../Core/Src/stm32l4xx_hal_msp.c          0x00000000   Number         0  stm32l4xx_hal_msp.o ABSOLUTE
    ../Core/Src/stm32l4xx_it.c               0x00000000   Number         0  stm32l4xx_it.o ABSOLUTE
    ../Core/Src/system_stm32l4xx.c           0x00000000   Number         0  system_stm32l4xx.o ABSOLUTE
    ../Core/Src/usart.c                      0x00000000   Number         0  usart.o ABSOLUTE
    ../Drivers/STM32L4xx_HAL_Driver/Src/stm32l4xx_hal.c 0x00000000   Number         0  stm32l4xx_hal.o ABSOLUTE
    ../Drivers/STM32L4xx_HAL_Driver/Src/stm32l4xx_hal_cortex.c 0x00000000   Number         0  stm32l4xx_hal_cortex.o ABSOLUTE
    ../Drivers/STM32L4xx_HAL_Driver/Src/stm32l4xx_hal_crc.c 0x00000000   Number         0  stm32l4xx_hal_crc.o ABSOLUTE
    ../Drivers/STM32L4xx_HAL_Driver/Src/stm32l4xx_hal_crc_ex.c 0x00000000   Number         0  stm32l4xx_hal_crc_ex.o ABSOLUTE
    ../Drivers/STM32L4xx_HAL_Driver/Src/stm32l4xx_hal_dma.c 0x00000000   Number         0  stm32l4xx_hal_dma.o ABSOLUTE
    ../Drivers/STM32L4xx_HAL_Driver/Src/stm32l4xx_hal_dma_ex.c 0x00000000   Number         0  stm32l4xx_hal_dma_ex.o ABSOLUTE
    ../Drivers/STM32L4xx_HAL_Driver/Src/stm32l4xx_hal_exti.c 0x00000000   Number         0  stm32l4xx_hal_exti.o ABSOLUTE
    ../Drivers/STM32L4xx_HAL_Driver/Src/stm32l4xx_hal_flash.c 0x00000000   Number         0  stm32l4xx_hal_flash.o ABSOLUTE
    ../Drivers/STM32L4xx_HAL_Driver/Src/stm32l4xx_hal_flash_ex.c 0x00000000   Number         0  stm32l4xx_hal_flash_ex.o ABSOLUTE
    ../Drivers/STM32L4xx_HAL_Driver/Src/stm32l4xx_hal_flash_ramfunc.c 0x00000000   Number         0  stm32l4xx_hal_flash_ramfunc.o ABSOLUTE
    ../Drivers/STM32L4xx_HAL_Driver/Src/stm32l4xx_hal_gpio.c 0x00000000   Number         0  stm32l4xx_hal_gpio.o ABSOLUTE
    ../Drivers/STM32L4xx_HAL_Driver/Src/stm32l4xx_hal_i2c.c 0x00000000   Number         0  stm32l4xx_hal_i2c.o ABSOLUTE
    ../Drivers/STM32L4xx_HAL_Driver/Src/stm32l4xx_hal_i2c_ex.c 0x00000000   Number         0  stm32l4xx_hal_i2c_ex.o ABSOLUTE
    ../Drivers/STM32L4xx_HAL_Driver/Src/stm32l4xx_hal_pwr.c 0x00000000   Number         0  stm32l4xx_hal_pwr.o ABSOLUTE
    ../Drivers/STM32L4xx_HAL_Driver/Src/stm32l4xx_hal_pwr_ex.c 0x00000000   Number         0  stm32l4xx_hal_pwr_ex.o ABSOLUTE
    ../Drivers/STM32L4xx_HAL_Driver/Src/stm32l4xx_hal_rcc.c 0x00000000   Number         0  stm32l4xx_hal_rcc.o ABSOLUTE
    ../Drivers/STM32L4xx_HAL_Driver/Src/stm32l4xx_hal_rcc_ex.c 0x00000000   Number         0  stm32l4xx_hal_rcc_ex.o ABSOLUTE
    ../Drivers/STM32L4xx_HAL_Driver/Src/stm32l4xx_hal_spi.c 0x00000000   Number         0  stm32l4xx_hal_spi.o ABSOLUTE
    ../Drivers/STM32L4xx_HAL_Driver/Src/stm32l4xx_hal_spi_ex.c 0x00000000   Number         0  stm32l4xx_hal_spi_ex.o ABSOLUTE
    ../Drivers/STM32L4xx_HAL_Driver/Src/stm32l4xx_hal_tim.c 0x00000000   Number         0  stm32l4xx_hal_tim.o ABSOLUTE
    ../Drivers/STM32L4xx_HAL_Driver/Src/stm32l4xx_hal_tim_ex.c 0x00000000   Number         0  stm32l4xx_hal_tim_ex.o ABSOLUTE
    ../Drivers/STM32L4xx_HAL_Driver/Src/stm32l4xx_hal_uart.c 0x00000000   Number         0  stm32l4xx_hal_uart.o ABSOLUTE
    ../Drivers/STM32L4xx_HAL_Driver/Src/stm32l4xx_hal_uart_ex.c 0x00000000   Number         0  stm32l4xx_hal_uart_ex.o ABSOLUTE
    ../clib/microlib/division.c              0x00000000   Number         0  uidiv.o ABSOLUTE
    ../clib/microlib/division.c              0x00000000   Number         0  uldiv.o ABSOLUTE
    ../clib/microlib/init/entry.s            0x00000000   Number         0  entry8a.o ABSOLUTE
    ../clib/microlib/init/entry.s            0x00000000   Number         0  entry8b.o ABSOLUTE
    ../clib/microlib/init/entry.s            0x00000000   Number         0  entry9a.o ABSOLUTE
    ../clib/microlib/init/entry.s            0x00000000   Number         0  entry9b.o ABSOLUTE
    ../clib/microlib/init/entry.s            0x00000000   Number         0  entry10a.o ABSOLUTE
    ../clib/microlib/init/entry.s            0x00000000   Number         0  entry10b.o ABSOLUTE
    ../clib/microlib/init/entry.s            0x00000000   Number         0  entry11a.o ABSOLUTE
    ../clib/microlib/init/entry.s            0x00000000   Number         0  entry11b.o ABSOLUTE
    ../clib/microlib/init/entry.s            0x00000000   Number         0  entry12a.o ABSOLUTE
    ../clib/microlib/init/entry.s            0x00000000   Number         0  entry12b.o ABSOLUTE
    ../clib/microlib/init/entry.s            0x00000000   Number         0  entry5.o ABSOLUTE
    ../clib/microlib/init/entry.s            0x00000000   Number         0  entry7b.o ABSOLUTE
    ../clib/microlib/init/entry.s            0x00000000   Number         0  entry.o ABSOLUTE
    ../clib/microlib/init/entry.s            0x00000000   Number         0  entry2.o ABSOLUTE
    ../clib/microlib/init/entry.s            0x00000000   Number         0  entry7a.o ABSOLUTE
    ../clib/microlib/longlong.c              0x00000000   Number         0  llushr.o ABSOLUTE
    ../clib/microlib/longlong.c              0x00000000   Number         0  llshl.o ABSOLUTE
    ../clib/microlib/longlong.c              0x00000000   Number         0  llsshr.o ABSOLUTE
    ../clib/microlib/printf/printf.c         0x00000000   Number         0  printf1.o ABSOLUTE
    ../clib/microlib/printf/printf.c         0x00000000   Number         0  printf2.o ABSOLUTE
    ../clib/microlib/printf/printf.c         0x00000000   Number         0  printf3.o ABSOLUTE
    ../clib/microlib/printf/printf.c         0x00000000   Number         0  printf4.o ABSOLUTE
    ../clib/microlib/printf/printf.c         0x00000000   Number         0  printf5.o ABSOLUTE
    ../clib/microlib/printf/printf.c         0x00000000   Number         0  printf6.o ABSOLUTE
    ../clib/microlib/printf/printf.c         0x00000000   Number         0  printf8.o ABSOLUTE
    ../clib/microlib/printf/printf.c         0x00000000   Number         0  printf7.o ABSOLUTE
    ../clib/microlib/printf/printf.c         0x00000000   Number         0  printfa.o ABSOLUTE
    ../clib/microlib/printf/printf.c         0x00000000   Number         0  printfb.o ABSOLUTE
    ../clib/microlib/printf/printf.c         0x00000000   Number         0  printf0.o ABSOLUTE
    ../clib/microlib/printf/stubs.s          0x00000000   Number         0  stubs.o ABSOLUTE
    ../clib/microlib/stdio/streams.c         0x00000000   Number         0  stdout.o ABSOLUTE
    ../clib/microlib/string/memcpy.c         0x00000000   Number         0  memcpy.o ABSOLUTE
    ../clib/microlib/string/memcpy.c         0x00000000   Number         0  memcpyc.o ABSOLUTE
    ../clib/microlib/string/memcpy.c         0x00000000   Number         0  memmovec.o ABSOLUTE
    ../clib/microlib/string/memcpy.c         0x00000000   Number         0  memmove.o ABSOLUTE
    ../clib/microlib/string/memset.c         0x00000000   Number         0  memseta.o ABSOLUTE
    ../clib/microlib/string/memset.c         0x00000000   Number         0  memset.o ABSOLUTE
    ../clib/microlib/string/strcpy.c         0x00000000   Number         0  strcpy.o ABSOLUTE
    ../clib/microlib/stubs.s                 0x00000000   Number         0  iusefp.o ABSOLUTE
    ../fplib/microlib/fpadd.c                0x00000000   Number         0  dadd.o ABSOLUTE
    ../fplib/microlib/fpdiv.c                0x00000000   Number         0  ddiv.o ABSOLUTE
    ../fplib/microlib/fpepilogue.c           0x00000000   Number         0  depilogue.o ABSOLUTE
    ../fplib/microlib/fpfix.c                0x00000000   Number         0  dfixul.o ABSOLUTE
    ../fplib/microlib/fpmul.c                0x00000000   Number         0  dmul.o ABSOLUTE
    ..\Core\Src\GT30L32S4W.c                 0x00000000   Number         0  gt30l32s4w.o ABSOLUTE
    ..\Core\Src\YAGAMI LIGHT.c               0x00000000   Number         0  yagami light.o ABSOLUTE
    ..\Core\Src\crc.c                        0x00000000   Number         0  crc.o ABSOLUTE
    ..\Core\Src\dma.c                        0x00000000   Number         0  dma.o ABSOLUTE
    ..\Core\Src\gpio.c                       0x00000000   Number         0  gpio.o ABSOLUTE
    ..\Core\Src\i2c.c                        0x00000000   Number         0  i2c.o ABSOLUTE
    ..\Core\Src\main.c                       0x00000000   Number         0  main.o ABSOLUTE
    ..\Core\Src\spi.c                        0x00000000   Number         0  spi.o ABSOLUTE
    ..\Core\Src\stm32l4xx_hal_msp.c          0x00000000   Number         0  stm32l4xx_hal_msp.o ABSOLUTE
    ..\Core\Src\stm32l4xx_it.c               0x00000000   Number         0  stm32l4xx_it.o ABSOLUTE
    ..\Core\Src\system_stm32l4xx.c           0x00000000   Number         0  system_stm32l4xx.o ABSOLUTE
    ..\Core\Src\usart.c                      0x00000000   Number         0  usart.o ABSOLUTE
    ..\Drivers\STM32L4xx_HAL_Driver\Src\stm32l4xx_hal.c 0x00000000   Number         0  stm32l4xx_hal.o ABSOLUTE
    ..\Drivers\STM32L4xx_HAL_Driver\Src\stm32l4xx_hal_cortex.c 0x00000000   Number         0  stm32l4xx_hal_cortex.o ABSOLUTE
    ..\Drivers\STM32L4xx_HAL_Driver\Src\stm32l4xx_hal_crc.c 0x00000000   Number         0  stm32l4xx_hal_crc.o ABSOLUTE
    ..\Drivers\STM32L4xx_HAL_Driver\Src\stm32l4xx_hal_crc_ex.c 0x00000000   Number         0  stm32l4xx_hal_crc_ex.o ABSOLUTE
    ..\Drivers\STM32L4xx_HAL_Driver\Src\stm32l4xx_hal_dma.c 0x00000000   Number         0  stm32l4xx_hal_dma.o ABSOLUTE
    ..\Drivers\STM32L4xx_HAL_Driver\Src\stm32l4xx_hal_dma_ex.c 0x00000000   Number         0  stm32l4xx_hal_dma_ex.o ABSOLUTE
    ..\Drivers\STM32L4xx_HAL_Driver\Src\stm32l4xx_hal_exti.c 0x00000000   Number         0  stm32l4xx_hal_exti.o ABSOLUTE
    ..\Drivers\STM32L4xx_HAL_Driver\Src\stm32l4xx_hal_flash.c 0x00000000   Number         0  stm32l4xx_hal_flash.o ABSOLUTE
    ..\Drivers\STM32L4xx_HAL_Driver\Src\stm32l4xx_hal_flash_ex.c 0x00000000   Number         0  stm32l4xx_hal_flash_ex.o ABSOLUTE
    ..\Drivers\STM32L4xx_HAL_Driver\Src\stm32l4xx_hal_flash_ramfunc.c 0x00000000   Number         0  stm32l4xx_hal_flash_ramfunc.o ABSOLUTE
    ..\Drivers\STM32L4xx_HAL_Driver\Src\stm32l4xx_hal_gpio.c 0x00000000   Number         0  stm32l4xx_hal_gpio.o ABSOLUTE
    ..\Drivers\STM32L4xx_HAL_Driver\Src\stm32l4xx_hal_i2c.c 0x00000000   Number         0  stm32l4xx_hal_i2c.o ABSOLUTE
    ..\Drivers\STM32L4xx_HAL_Driver\Src\stm32l4xx_hal_i2c_ex.c 0x00000000   Number         0  stm32l4xx_hal_i2c_ex.o ABSOLUTE
    ..\Drivers\STM32L4xx_HAL_Driver\Src\stm32l4xx_hal_pwr.c 0x00000000   Number         0  stm32l4xx_hal_pwr.o ABSOLUTE
    ..\Drivers\STM32L4xx_HAL_Driver\Src\stm32l4xx_hal_pwr_ex.c 0x00000000   Number         0  stm32l4xx_hal_pwr_ex.o ABSOLUTE
    ..\Drivers\STM32L4xx_HAL_Driver\Src\stm32l4xx_hal_rcc.c 0x00000000   Number         0  stm32l4xx_hal_rcc.o ABSOLUTE
    ..\Drivers\STM32L4xx_HAL_Driver\Src\stm32l4xx_hal_rcc_ex.c 0x00000000   Number         0  stm32l4xx_hal_rcc_ex.o ABSOLUTE
    ..\Drivers\STM32L4xx_HAL_Driver\Src\stm32l4xx_hal_spi.c 0x00000000   Number         0  stm32l4xx_hal_spi.o ABSOLUTE
    ..\Drivers\STM32L4xx_HAL_Driver\Src\stm32l4xx_hal_spi_ex.c 0x00000000   Number         0  stm32l4xx_hal_spi_ex.o ABSOLUTE
    ..\Drivers\STM32L4xx_HAL_Driver\Src\stm32l4xx_hal_tim.c 0x00000000   Number         0  stm32l4xx_hal_tim.o ABSOLUTE
    ..\Drivers\STM32L4xx_HAL_Driver\Src\stm32l4xx_hal_tim_ex.c 0x00000000   Number         0  stm32l4xx_hal_tim_ex.o ABSOLUTE
    ..\Drivers\STM32L4xx_HAL_Driver\Src\stm32l4xx_hal_uart.c 0x00000000   Number         0  stm32l4xx_hal_uart.o ABSOLUTE
    ..\Drivers\STM32L4xx_HAL_Driver\Src\stm32l4xx_hal_uart_ex.c 0x00000000   Number         0  stm32l4xx_hal_uart_ex.o ABSOLUTE
    ..\STemwin\Src\GUIConf.c                 0x00000000   Number         0  guiconf.o ABSOLUTE
    ..\STemwin\Src\GUIDRV_Template.c         0x00000000   Number         0  guidrv_template.o ABSOLUTE
    ..\STemwin\Src\GUI_X.c                   0x00000000   Number         0  gui_x.o ABSOLUTE
    ..\STemwin\Src\LCDConf_FlexColor_Template.c 0x00000000   Number         0  lcdconf_flexcolor_template.o ABSOLUTE
    ..\\Core\\Src\\GT30L32S4W.c              0x00000000   Number         0  gt30l32s4w.o ABSOLUTE
    ..\\STemwin\\Src\\GUIDRV_Template.c      0x00000000   Number         0  guidrv_template.o ABSOLUTE
    ..\\STemwin\\Src\\GUI_X.c                0x00000000   Number         0  gui_x.o ABSOLUTE
    ..\\STemwin\\Src\\LCDConf_FlexColor_Template.c 0x00000000   Number         0  lcdconf_flexcolor_template.o ABSOLUTE
    F6x8.c                                   0x00000000   Number         0  F6x8.o ABSOLUTE
    GUICC_0.c                                0x00000000   Number         0  GUICC_0.o ABSOLUTE
    GUICC_565.c                              0x00000000   Number         0  GUICC_565.o ABSOLUTE
    GUICC_8888.c                             0x00000000   Number         0  GUICC_8888.o ABSOLUTE
    GUICC_8888_Index2Color.c                 0x00000000   Number         0  GUICC_8888_Index2Color.o ABSOLUTE
    GUICC_888_Index2Color.c                  0x00000000   Number         0  GUICC_888_Index2Color.o ABSOLUTE
    GUICC_M565.c                             0x00000000   Number         0  GUICC_M565.o ABSOLUTE
    GUIDEV.c                                 0x00000000   Number         0  GUIDEV.o ABSOLUTE
    GUIDEV_32.c                              0x00000000   Number         0  GUIDEV_32.o ABSOLUTE
    GUIDEV_Banding.c                         0x00000000   Number         0  GUIDEV_Banding.o ABSOLUTE
    GUIDEV_Clear.c                           0x00000000   Number         0  GUIDEV_Clear.o ABSOLUTE
    GUIDEV_CreateFixed.c                     0x00000000   Number         0  GUIDEV_CreateFixed.o ABSOLUTE
    GUIDEV_GetDataPtr.c                      0x00000000   Number         0  GUIDEV_GetDataPtr.o ABSOLUTE
    GUIDEV_GetPos.c                          0x00000000   Number         0  GUIDEV_GetPos.o ABSOLUTE
    GUIDEV_GetXSize.c                        0x00000000   Number         0  GUIDEV_GetXSize.o ABSOLUTE
    GUIDEV_GetYSize.c                        0x00000000   Number         0  GUIDEV_GetYSize.o ABSOLUTE
    GUIDEV_ReduceYSize.c                     0x00000000   Number         0  GUIDEV_ReduceYSize.o ABSOLUTE
    GUIDEV_SetOrg.c                          0x00000000   Number         0  GUIDEV_SetOrg.o ABSOLUTE
    GUIDEV_StaticDevices.c                   0x00000000   Number         0  GUIDEV_StaticDevices.o ABSOLUTE
    GUIDEV_Usage.c                           0x00000000   Number         0  GUIDEV_Usage.o ABSOLUTE
    GUIDEV_UsageBM.c                         0x00000000   Number         0  GUIDEV_UsageBM.o ABSOLUTE
    GUIDEV_Write.c                           0x00000000   Number         0  GUIDEV_Write.o ABSOLUTE
    GUIDEV_WriteToActiveAlpha.c              0x00000000   Number         0  GUIDEV_WriteToActiveAlpha.o ABSOLUTE
    GUIDEV_WriteToActiveOpaque.c             0x00000000   Number         0  GUIDEV_WriteToActiveOpaque.o ABSOLUTE
    GUI_Alloc.c                              0x00000000   Number         0  GUI_Alloc.o ABSOLUTE
    GUI_Char.c                               0x00000000   Number         0  GUI_Char.o ABSOLUTE
    GUI_CharLine.c                           0x00000000   Number         0  GUI_CharLine.o ABSOLUTE
    GUI_CharM.c                              0x00000000   Number         0  GUI_CharM.o ABSOLUTE
    GUI_Common.c                             0x00000000   Number         0  GUI_Common.o ABSOLUTE
    GUI_Core.c                               0x00000000   Number         0  GUI_Core.o ABSOLUTE
    GUI_Cursor.c                             0x00000000   Number         0  GUI_Cursor.o ABSOLUTE
    GUI_CursorResource.c                     0x00000000   Number         0  GUI_CursorResource.o ABSOLUTE
    GUI_Device.c                             0x00000000   Number         0  GUI_Device.o ABSOLUTE
    GUI_DispChar.c                           0x00000000   Number         0  GUI_DispChar.o ABSOLUTE
    GUI_DispString.c                         0x00000000   Number         0  GUI_DispString.o ABSOLUTE
    GUI_DispStringInRectEx.c                 0x00000000   Number         0  GUI_DispStringInRectEx.o ABSOLUTE
    GUI_DrawBitmap.c                         0x00000000   Number         0  GUI_DrawBitmap.o ABSOLUTE
    GUI_DrawBitmap_565.c                     0x00000000   Number         0  GUI_DrawBitmap_565.o ABSOLUTE
    GUI_OnKey.c                              0x00000000   Number         0  GUI_OnKey.o ABSOLUTE
    GUI_PID.c                                0x00000000   Number         0  GUI_PID.o ABSOLUTE
    GUI_SPRITE.c                             0x00000000   Number         0  GUI_SPRITE.o ABSOLUTE
    GUI_SPRITE_Anim.c                        0x00000000   Number         0  GUI_SPRITE_Anim.o ABSOLUTE
    GUI_SelectLayer.c                        0x00000000   Number         0  GUI_SelectLayer.o ABSOLUTE
    GUI_SetAlpha.c                           0x00000000   Number         0  GUI_SetAlpha.o ABSOLUTE
    GUI_Time.c                               0x00000000   Number         0  GUI_Time.o ABSOLUTE
    GUI_Timer.c                              0x00000000   Number         0  GUI_Timer.o ABSOLUTE
    GUI_UC.c                                 0x00000000   Number         0  GUI_UC.o ABSOLUTE
    GUI_UC_EncodeNone.c                      0x00000000   Number         0  GUI_UC_EncodeNone.o ABSOLUTE
    GUI_WaitEvent.c                          0x00000000   Number         0  GUI_WaitEvent.o ABSOLUTE
    GUI__Alpha.c                             0x00000000   Number         0  GUI__Alpha.o ABSOLUTE
    GUI__CompactPixelIndices.c               0x00000000   Number         0  GUI__CompactPixelIndices.o ABSOLUTE
    GUI__DivTbl.c                            0x00000000   Number         0  GUI__DivTbl.o ABSOLUTE
    GUI__DrawBitmap16bpp.c                   0x00000000   Number         0  GUI__DrawBitmap16bpp.o ABSOLUTE
    GUI__ExpandPixelIndices.c                0x00000000   Number         0  GUI__ExpandPixelIndices.o ABSOLUTE
    GUI__ManageCache.c                       0x00000000   Number         0  GUI__ManageCache.o ABSOLUTE
    GUI__Private.c                           0x00000000   Number         0  GUI__Private.o ABSOLUTE
    GUI__SinHQ.c                             0x00000000   Number         0  GUI__SinHQ.o ABSOLUTE
    GUI__Wrap.c                              0x00000000   Number         0  GUI__Wrap.o ABSOLUTE
    LCD.c                                    0x00000000   Number         0  LCD.o ABSOLUTE
    LCD_AA.c                                 0x00000000   Number         0  LCD_AA.o ABSOLUTE
    LCD_Color.c                              0x00000000   Number         0  LCD_Color.o ABSOLUTE
    LCD_GetColorIndex.c                      0x00000000   Number         0  LCD_GetColorIndex.o ABSOLUTE
    LCD_GetEx.c                              0x00000000   Number         0  LCD_GetEx.o ABSOLUTE
    LCD_GetNumDisplays.c                     0x00000000   Number         0  LCD_GetNumDisplays.o ABSOLUTE
    LCD_GetP.c                               0x00000000   Number         0  LCD_GetP.o ABSOLUTE
    LCD_GetPixelColor.c                      0x00000000   Number         0  LCD_GetPixelColor.o ABSOLUTE
    LCD_Mirror.c                             0x00000000   Number         0  LCD_Mirror.o ABSOLUTE
    LCD_NextPixelAPI.c                       0x00000000   Number         0  LCD_NextPixelAPI.o ABSOLUTE
    LCD_ReadRect.c                           0x00000000   Number         0  LCD_ReadRect.o ABSOLUTE
    LCD_Rotate180.c                          0x00000000   Number         0  LCD_Rotate180.o ABSOLUTE
    LCD_RotateCCW.c                          0x00000000   Number         0  LCD_RotateCCW.o ABSOLUTE
    LCD_RotateCW.c                           0x00000000   Number         0  LCD_RotateCW.o ABSOLUTE
    LCD_SelectLCD.c                          0x00000000   Number         0  LCD_SelectLCD.o ABSOLUTE
    LCD_Set.c                                0x00000000   Number         0  LCD_Set.o ABSOLUTE
    LCD_SetClipRectEx.c                      0x00000000   Number         0  LCD_SetClipRectEx.o ABSOLUTE
    LCD_UpdateColorIndices.c                 0x00000000   Number         0  LCD_UpdateColorIndices.o ABSOLUTE
    WM.c                                     0x00000000   Number         0  WM.o ABSOLUTE
    WM_Lib.c                                 0x00000000   Number         0  WM_Lib.o ABSOLUTE
    WM_Move.c                                0x00000000   Number         0  WM_Move.o ABSOLUTE
    WM_PID__GetPrevState.c                   0x00000000   Number         0  WM_PID__GetPrevState.o ABSOLUTE
    WM_Screen2Win.c                          0x00000000   Number         0  WM_Screen2Win.o ABSOLUTE
    WM_SetCapture.c                          0x00000000   Number         0  WM_SetCapture.o ABSOLUTE
    WM_Timer.c                               0x00000000   Number         0  WM_Timer.o ABSOLUTE
    WM_Touch.c                               0x00000000   Number         0  WM_Touch.o ABSOLUTE
    WM__Private.c                            0x00000000   Number         0  WM__Private.o ABSOLUTE
    cdrcmple.s                               0x00000000   Number         0  cdrcmple.o ABSOLUTE
    dc.s                                     0x00000000   Number         0  dc.o ABSOLUTE
    handlers.s                               0x00000000   Number         0  handlers.o ABSOLUTE
    init.s                                   0x00000000   Number         0  init.o ABSOLUTE
    startup_stm32l452xx.s                    0x00000000   Number         0  startup_stm32l452xx.o ABSOLUTE
    RESET                                    0x08000000   Section      404  startup_stm32l452xx.o(RESET)
    .ARM.Collect$$$$00000000                 0x08000194   Section        0  entry.o(.ARM.Collect$$$$00000000)
    .ARM.Collect$$$$00000001                 0x08000194   Section        4  entry2.o(.ARM.Collect$$$$00000001)
    .ARM.Collect$$$$00000004                 0x08000198   Section        4  entry5.o(.ARM.Collect$$$$00000004)
    .ARM.Collect$$$$00000008                 0x0800019c   Section        0  entry7b.o(.ARM.Collect$$$$00000008)
    .ARM.Collect$$$$0000000A                 0x0800019c   Section        0  entry8b.o(.ARM.Collect$$$$0000000A)
    .ARM.Collect$$$$0000000B                 0x0800019c   Section        8  entry9a.o(.ARM.Collect$$$$0000000B)
    .ARM.Collect$$$$0000000E                 0x080001a4   Section        4  entry12b.o(.ARM.Collect$$$$0000000E)
    .ARM.Collect$$$$0000000F                 0x080001a8   Section        0  entry10a.o(.ARM.Collect$$$$0000000F)
    .ARM.Collect$$$$00000011                 0x080001a8   Section        0  entry11a.o(.ARM.Collect$$$$00000011)
    .ARM.Collect$$$$00002712                 0x080001a8   Section        4  entry2.o(.ARM.Collect$$$$00002712)
    __lit__00000000                          0x080001a8   Data           4  entry2.o(.ARM.Collect$$$$00002712)
    .text                                    0x080001ac   Section       36  startup_stm32l452xx.o(.text)
    $v0                                      0x080001ac   Number         0  startup_stm32l452xx.o(.text)
    .text                                    0x080001d0   Section        0  uldiv.o(.text)
    .text                                    0x08000238   Section        0  memseta.o(.text)
    .text                                    0x0800025c   Section        0  llshl.o(.text)
    .text                                    0x0800027a   Section        0  llushr.o(.text)
    .text                                    0x0800029c   Section       36  init.o(.text)
    i.BusFault_Handler                       0x080002c0   Section        0  stm32l4xx_it.o(i.BusFault_Handler)
    i.DMA1_Channel3_IRQHandler               0x080002c4   Section        0  stm32l4xx_it.o(i.DMA1_Channel3_IRQHandler)
    i.DebugMon_Handler                       0x080002d0   Section        0  stm32l4xx_it.o(i.DebugMon_Handler)
    i.EXTI15_10_IRQHandler                   0x080002d2   Section        0  stm32l4xx_it.o(i.EXTI15_10_IRQHandler)
    i.Error_Handler                          0x080002da   Section        0  main.o(i.Error_Handler)
    i.HAL_CRCEx_Polynomial_Set               0x080002de   Section        0  stm32l4xx_hal_crc_ex.o(i.HAL_CRCEx_Polynomial_Set)
    i.HAL_CRC_Init                           0x0800032c   Section        0  stm32l4xx_hal_crc.o(i.HAL_CRC_Init)
    i.HAL_CRC_MspInit                        0x080003a0   Section        0  crc.o(i.HAL_CRC_MspInit)
    i.HAL_DMA_Abort                          0x080003c8   Section        0  stm32l4xx_hal_dma.o(i.HAL_DMA_Abort)
    i.HAL_DMA_Abort_IT                       0x08000412   Section        0  stm32l4xx_hal_dma.o(i.HAL_DMA_Abort_IT)
    i.HAL_DMA_IRQHandler                     0x08000460   Section        0  stm32l4xx_hal_dma.o(i.HAL_DMA_IRQHandler)
    i.HAL_DMA_Init                           0x0800051c   Section        0  stm32l4xx_hal_dma.o(i.HAL_DMA_Init)
    i.HAL_Delay                              0x080005dc   Section        0  stm32l4xx_hal.o(i.HAL_Delay)
    i.HAL_GPIO_EXTI_Callback                 0x08000600   Section        0  gpio.o(i.HAL_GPIO_EXTI_Callback)
    i.HAL_GPIO_EXTI_IRQHandler               0x0800063c   Section        0  stm32l4xx_hal_gpio.o(i.HAL_GPIO_EXTI_IRQHandler)
    i.HAL_GPIO_Init                          0x08000654   Section        0  stm32l4xx_hal_gpio.o(i.HAL_GPIO_Init)
    i.HAL_GPIO_ReadPin                       0x0800082a   Section        0  stm32l4xx_hal_gpio.o(i.HAL_GPIO_ReadPin)
    i.HAL_GPIO_WritePin                      0x08000834   Section        0  stm32l4xx_hal_gpio.o(i.HAL_GPIO_WritePin)
    i.HAL_GetTick                            0x08000840   Section        0  stm32l4xx_hal.o(i.HAL_GetTick)
    i.HAL_I2CEx_ConfigAnalogFilter           0x0800084c   Section        0  stm32l4xx_hal_i2c_ex.o(i.HAL_I2CEx_ConfigAnalogFilter)
    i.HAL_I2CEx_ConfigDigitalFilter          0x080008a2   Section        0  stm32l4xx_hal_i2c_ex.o(i.HAL_I2CEx_ConfigDigitalFilter)
    i.HAL_I2C_Init                           0x080008f4   Section        0  stm32l4xx_hal_i2c.o(i.HAL_I2C_Init)
    i.HAL_I2C_MspInit                        0x080009ac   Section        0  i2c.o(i.HAL_I2C_MspInit)
    i.HAL_IncTick                            0x08000a2c   Section        0  stm32l4xx_hal.o(i.HAL_IncTick)
    i.HAL_Init                               0x08000a3c   Section        0  stm32l4xx_hal.o(i.HAL_Init)
    i.HAL_InitTick                           0x08000a68   Section        0  stm32l4xx_hal.o(i.HAL_InitTick)
    i.HAL_MspInit                            0x08000aac   Section        0  stm32l4xx_hal_msp.o(i.HAL_MspInit)
    i.HAL_NVIC_EnableIRQ                     0x08000ad8   Section        0  stm32l4xx_hal_cortex.o(i.HAL_NVIC_EnableIRQ)
    i.HAL_NVIC_SetPriority                   0x08000af4   Section        0  stm32l4xx_hal_cortex.o(i.HAL_NVIC_SetPriority)
    i.HAL_NVIC_SetPriorityGrouping           0x08000b34   Section        0  stm32l4xx_hal_cortex.o(i.HAL_NVIC_SetPriorityGrouping)
    i.HAL_PWREx_ControlVoltageScaling        0x08000b58   Section        0  stm32l4xx_hal_pwr_ex.o(i.HAL_PWREx_ControlVoltageScaling)
    i.HAL_PWREx_GetVoltageRange              0x08000bc0   Section        0  stm32l4xx_hal_pwr_ex.o(i.HAL_PWREx_GetVoltageRange)
    i.HAL_RCCEx_PeriphCLKConfig              0x08000bd0   Section        0  stm32l4xx_hal_rcc_ex.o(i.HAL_RCCEx_PeriphCLKConfig)
    i.HAL_RCC_ClockConfig                    0x08000eec   Section        0  stm32l4xx_hal_rcc.o(i.HAL_RCC_ClockConfig)
    i.HAL_RCC_GetPCLK1Freq                   0x08001030   Section        0  stm32l4xx_hal_rcc.o(i.HAL_RCC_GetPCLK1Freq)
    i.HAL_RCC_GetPCLK2Freq                   0x08001054   Section        0  stm32l4xx_hal_rcc.o(i.HAL_RCC_GetPCLK2Freq)
    i.HAL_RCC_GetSysClockFreq                0x08001078   Section        0  stm32l4xx_hal_rcc.o(i.HAL_RCC_GetSysClockFreq)
    i.HAL_RCC_OscConfig                      0x0800111c   Section        0  stm32l4xx_hal_rcc.o(i.HAL_RCC_OscConfig)
    i.HAL_SPI_Init                           0x0800167c   Section        0  stm32l4xx_hal_spi.o(i.HAL_SPI_Init)
    i.HAL_SPI_MspInit                        0x0800175c   Section        0  spi.o(i.HAL_SPI_MspInit)
    i.HAL_SYSTICK_Config                     0x080017f4   Section        0  stm32l4xx_hal_cortex.o(i.HAL_SYSTICK_Config)
    i.HAL_UARTEx_RxEventCallback             0x0800181c   Section        0  stm32l4xx_hal_uart.o(i.HAL_UARTEx_RxEventCallback)
    i.HAL_UARTEx_WakeupCallback              0x0800181e   Section        0  stm32l4xx_hal_uart_ex.o(i.HAL_UARTEx_WakeupCallback)
    i.HAL_UART_ErrorCallback                 0x08001820   Section        0  stm32l4xx_hal_uart.o(i.HAL_UART_ErrorCallback)
    i.HAL_UART_GetState                      0x08001822   Section        0  stm32l4xx_hal_uart.o(i.HAL_UART_GetState)
    i.HAL_UART_IRQHandler                    0x0800182c   Section        0  stm32l4xx_hal_uart.o(i.HAL_UART_IRQHandler)
    i.HAL_UART_Init                          0x08001ac0   Section        0  stm32l4xx_hal_uart.o(i.HAL_UART_Init)
    i.HAL_UART_MspInit                       0x08001b28   Section        0  usart.o(i.HAL_UART_MspInit)
    i.HAL_UART_Receive_IT                    0x08001bb0   Section        0  stm32l4xx_hal_uart.o(i.HAL_UART_Receive_IT)
    i.HAL_UART_RxCpltCallback                0x08001c04   Section        0  main.o(i.HAL_UART_RxCpltCallback)
    i.HAL_UART_Transmit                      0x08001c20   Section        0  stm32l4xx_hal_uart.o(i.HAL_UART_Transmit)
    i.HAL_UART_TxCpltCallback                0x08001cd6   Section        0  stm32l4xx_hal_uart.o(i.HAL_UART_TxCpltCallback)
    i.HardFault_Handler                      0x08001cd8   Section        0  stm32l4xx_it.o(i.HardFault_Handler)
    i.MX_CRC_Init                            0x08001cdc   Section        0  crc.o(i.MX_CRC_Init)
    i.MX_DMA_Init                            0x08001d0c   Section        0  dma.o(i.MX_DMA_Init)
    i.MX_GPIO_Init                           0x08001d38   Section        0  gpio.o(i.MX_GPIO_Init)
    i.MX_I2C1_Init                           0x08001e14   Section        0  i2c.o(i.MX_I2C1_Init)
    i.MX_SPI1_Init                           0x08001e6c   Section        0  spi.o(i.MX_SPI1_Init)
    i.MX_USART2_UART_Init                    0x08001ebc   Section        0  usart.o(i.MX_USART2_UART_Init)
    i.MemManage_Handler                      0x08001ef8   Section        0  stm32l4xx_it.o(i.MemManage_Handler)
    i.NMI_Handler                            0x08001efa   Section        0  stm32l4xx_it.o(i.NMI_Handler)
    i.PendSV_Handler                         0x08001efc   Section        0  stm32l4xx_it.o(i.PendSV_Handler)
    i.RCCEx_PLLSAI1_Config                   0x08001f00   Section        0  stm32l4xx_hal_rcc_ex.o(i.RCCEx_PLLSAI1_Config)
    RCCEx_PLLSAI1_Config                     0x08001f01   Thumb Code   278  stm32l4xx_hal_rcc_ex.o(i.RCCEx_PLLSAI1_Config)
    i.RCC_SetFlashLatencyFromMSIRange        0x0800202c   Section        0  stm32l4xx_hal_rcc.o(i.RCC_SetFlashLatencyFromMSIRange)
    RCC_SetFlashLatencyFromMSIRange          0x0800202d   Thumb Code   116  stm32l4xx_hal_rcc.o(i.RCC_SetFlashLatencyFromMSIRange)
    i.SVC_Handler                            0x080020a8   Section        0  stm32l4xx_it.o(i.SVC_Handler)
    i.SysTick_Handler                        0x080020ac   Section        0  stm32l4xx_it.o(i.SysTick_Handler)
    i.SystemClock_Config                     0x080020c0   Section        0  main.o(i.SystemClock_Config)
    i.SystemInit                             0x08002134   Section        0  system_stm32l4xx.o(i.SystemInit)
    i.UART_AdvFeatureConfig                  0x08002144   Section        0  stm32l4xx_hal_uart.o(i.UART_AdvFeatureConfig)
    i.UART_CheckIdleState                    0x0800220c   Section        0  stm32l4xx_hal_uart.o(i.UART_CheckIdleState)
    i.UART_DMAAbortOnError                   0x08002268   Section        0  stm32l4xx_hal_uart.o(i.UART_DMAAbortOnError)
    UART_DMAAbortOnError                     0x08002269   Thumb Code    20  stm32l4xx_hal_uart.o(i.UART_DMAAbortOnError)
    i.UART_EndRxTransfer                     0x0800227c   Section        0  stm32l4xx_hal_uart.o(i.UART_EndRxTransfer)
    UART_EndRxTransfer                       0x0800227d   Thumb Code    74  stm32l4xx_hal_uart.o(i.UART_EndRxTransfer)
    i.UART_RxISR_16BIT                       0x080022c6   Section        0  stm32l4xx_hal_uart.o(i.UART_RxISR_16BIT)
    UART_RxISR_16BIT                         0x080022c7   Thumb Code   158  stm32l4xx_hal_uart.o(i.UART_RxISR_16BIT)
    i.UART_RxISR_8BIT                        0x08002364   Section        0  stm32l4xx_hal_uart.o(i.UART_RxISR_8BIT)
    UART_RxISR_8BIT                          0x08002365   Thumb Code   158  stm32l4xx_hal_uart.o(i.UART_RxISR_8BIT)
    i.UART_SetConfig                         0x08002404   Section        0  stm32l4xx_hal_uart.o(i.UART_SetConfig)
    i.UART_Start_Receive_IT                  0x08002624   Section        0  stm32l4xx_hal_uart.o(i.UART_Start_Receive_IT)
    i.UART_WaitOnFlagUntilTimeout            0x080026dc   Section        0  stm32l4xx_hal_uart.o(i.UART_WaitOnFlagUntilTimeout)
    i.USART2_IRQHandler                      0x080027a4   Section        0  stm32l4xx_it.o(i.USART2_IRQHandler)
    i.UsageFault_Handler                     0x080027b0   Section        0  stm32l4xx_it.o(i.UsageFault_Handler)
    i.__0printf$5                            0x080027b4   Section        0  printf5.o(i.__0printf$5)
    i.__NVIC_SetPriority                     0x080027d4   Section        0  stm32l4xx_hal_cortex.o(i.__NVIC_SetPriority)
    __NVIC_SetPriority                       0x080027d5   Thumb Code    32  stm32l4xx_hal_cortex.o(i.__NVIC_SetPriority)
    i.__scatterload_copy                     0x080027f4   Section       14  handlers.o(i.__scatterload_copy)
    i.__scatterload_null                     0x08002802   Section        2  handlers.o(i.__scatterload_null)
    i.__scatterload_zeroinit                 0x08002804   Section       14  handlers.o(i.__scatterload_zeroinit)
    i._printf_core                           0x08002814   Section        0  printf5.o(i._printf_core)
    _printf_core                             0x08002815   Thumb Code   660  printf5.o(i._printf_core)
    i.fputc                                  0x08002adc   Section        0  main.o(i.fputc)
    i.main                                   0x08002af4   Section        0  main.o(i.main)
    .constdata                               0x08002c1c   Section       64  system_stm32l4xx.o(.constdata)
    .constdata                               0x08002c5c   Section        8  system_stm32l4xx.o(.constdata)
    .data                                    0x20000000   Section        1  main.o(.data)
    .data                                    0x20000004   Section        4  gpio.o(.data)
    .data                                    0x20000008   Section       12  stm32l4xx_hal.o(.data)
    .data                                    0x20000014   Section        4  system_stm32l4xx.o(.data)
    .data                                    0x20000018   Section        4  gui_x.o(.data)
    .data                                    0x2000001c   Section        4  stdout.o(.data)
    .bss                                     0x20000020   Section       36  crc.o(.bss)
    .bss                                     0x20000044   Section       84  i2c.o(.bss)
    .bss                                     0x20000098   Section      172  spi.o(.bss)
    .bss                                     0x20000144   Section      132  usart.o(.bss)
    STACK                                    0x200001c8   Section    32768  startup_stm32l452xx.o(STACK)

    Global Symbols

    Symbol Name                              Value     Ov Type        Size  Object(Section)

    BuildAttributes$$THM_ISAv4$E$P$D$K$B$S$7EM$VFPi3$EXTD16$VFPS$VFMA$PE$A:L22UL41UL21$X:L11$S22US41US21$IEEE1$IW$USESV6$~STKCKD$USESV7$~SHL$OSPACE$ROPI$IEEEX$EBA8$MICROLIB$REQ8$PRES8$EABIv2 0x00000000   Number         0  anon$$obj.o ABSOLUTE
    __ARM_use_no_argv                        0x00000000   Number         0  main.o ABSOLUTE
    _printf_a                                0x00000000   Number         0  stubs.o ABSOLUTE
    _printf_c                                0x00000000   Number         0  stubs.o ABSOLUTE
    _printf_charcount                        0x00000000   Number         0  stubs.o ABSOLUTE
    _printf_d                                0x00000000   Number         0  stubs.o ABSOLUTE
    _printf_e                                0x00000000   Number         0  stubs.o ABSOLUTE
    _printf_f                                0x00000000   Number         0  stubs.o ABSOLUTE
    _printf_flags                            0x00000000   Number         0  stubs.o ABSOLUTE
    _printf_fp_dec                           0x00000000   Number         0  stubs.o ABSOLUTE
    _printf_fp_hex                           0x00000000   Number         0  stubs.o ABSOLUTE
    _printf_g                                0x00000000   Number         0  stubs.o ABSOLUTE
    _printf_i                                0x00000000   Number         0  stubs.o ABSOLUTE
    _printf_int_dec                          0x00000000   Number         0  stubs.o ABSOLUTE
    _printf_l                                0x00000000   Number         0  stubs.o ABSOLUTE
    _printf_lc                               0x00000000   Number         0  stubs.o ABSOLUTE
    _printf_ll                               0x00000000   Number         0  stubs.o ABSOLUTE
    _printf_lld                              0x00000000   Number         0  stubs.o ABSOLUTE
    _printf_lli                              0x00000000   Number         0  stubs.o ABSOLUTE
    _printf_llo                              0x00000000   Number         0  stubs.o ABSOLUTE
    _printf_llu                              0x00000000   Number         0  stubs.o ABSOLUTE
    _printf_llx                              0x00000000   Number         0  stubs.o ABSOLUTE
    _printf_longlong_dec                     0x00000000   Number         0  stubs.o ABSOLUTE
    _printf_longlong_hex                     0x00000000   Number         0  stubs.o ABSOLUTE
    _printf_longlong_oct                     0x00000000   Number         0  stubs.o ABSOLUTE
    _printf_ls                               0x00000000   Number         0  stubs.o ABSOLUTE
    _printf_mbtowc                           0x00000000   Number         0  stubs.o ABSOLUTE
    _printf_n                                0x00000000   Number         0  stubs.o ABSOLUTE
    _printf_o                                0x00000000   Number         0  stubs.o ABSOLUTE
    _printf_p                                0x00000000   Number         0  stubs.o ABSOLUTE
    _printf_percent                          0x00000000   Number         0  stubs.o ABSOLUTE
    _printf_pre_padding                      0x00000000   Number         0  stubs.o ABSOLUTE
    _printf_return_value                     0x00000000   Number         0  stubs.o ABSOLUTE
    _printf_s                                0x00000000   Number         0  stubs.o ABSOLUTE
    _printf_sizespec                         0x00000000   Number         0  stubs.o ABSOLUTE
    _printf_str                              0x00000000   Number         0  stubs.o ABSOLUTE
    _printf_truncate_signed                  0x00000000   Number         0  stubs.o ABSOLUTE
    _printf_truncate_unsigned                0x00000000   Number         0  stubs.o ABSOLUTE
    _printf_u                                0x00000000   Number         0  stubs.o ABSOLUTE
    _printf_wc                               0x00000000   Number         0  stubs.o ABSOLUTE
    _printf_wctomb                           0x00000000   Number         0  stubs.o ABSOLUTE
    _printf_widthprec                        0x00000000   Number         0  stubs.o ABSOLUTE
    _printf_x                                0x00000000   Number         0  stubs.o ABSOLUTE
    __arm_fini_                               - Undefined Weak Reference
    __cpp_initialize__aeabi_                  - Undefined Weak Reference
    __cxa_finalize                            - Undefined Weak Reference
    __decompress                              - Undefined Weak Reference
    _clock_init                               - Undefined Weak Reference
    _microlib_exit                            - Undefined Weak Reference
    __Vectors_Size                           0x00000194   Number         0  startup_stm32l452xx.o ABSOLUTE
    __Vectors                                0x08000000   Data           4  startup_stm32l452xx.o(RESET)
    __Vectors_End                            0x08000194   Data           0  startup_stm32l452xx.o(RESET)
    __main                                   0x08000195   Thumb Code     0  entry.o(.ARM.Collect$$$$00000000)
    _main_stk                                0x08000195   Thumb Code     0  entry2.o(.ARM.Collect$$$$00000001)
    _main_scatterload                        0x08000199   Thumb Code     0  entry5.o(.ARM.Collect$$$$00000004)
    __main_after_scatterload                 0x0800019d   Thumb Code     0  entry5.o(.ARM.Collect$$$$00000004)
    _main_clock                              0x0800019d   Thumb Code     0  entry7b.o(.ARM.Collect$$$$00000008)
    _main_cpp_init                           0x0800019d   Thumb Code     0  entry8b.o(.ARM.Collect$$$$0000000A)
    _main_init                               0x0800019d   Thumb Code     0  entry9a.o(.ARM.Collect$$$$0000000B)
    __rt_lib_shutdown_fini                   0x080001a5   Thumb Code     0  entry12b.o(.ARM.Collect$$$$0000000E)
    __rt_final_cpp                           0x080001a9   Thumb Code     0  entry10a.o(.ARM.Collect$$$$0000000F)
    __rt_final_exit                          0x080001a9   Thumb Code     0  entry11a.o(.ARM.Collect$$$$00000011)
    Reset_Handler                            0x080001ad   Thumb Code     8  startup_stm32l452xx.o(.text)
    ADC1_IRQHandler                          0x080001c7   Thumb Code     0  startup_stm32l452xx.o(.text)
    CAN1_RX0_IRQHandler                      0x080001c7   Thumb Code     0  startup_stm32l452xx.o(.text)
    CAN1_RX1_IRQHandler                      0x080001c7   Thumb Code     0  startup_stm32l452xx.o(.text)
    CAN1_SCE_IRQHandler                      0x080001c7   Thumb Code     0  startup_stm32l452xx.o(.text)
    CAN1_TX_IRQHandler                       0x080001c7   Thumb Code     0  startup_stm32l452xx.o(.text)
    COMP_IRQHandler                          0x080001c7   Thumb Code     0  startup_stm32l452xx.o(.text)
    CRS_IRQHandler                           0x080001c7   Thumb Code     0  startup_stm32l452xx.o(.text)
    DFSDM1_FLT0_IRQHandler                   0x080001c7   Thumb Code     0  startup_stm32l452xx.o(.text)
    DFSDM1_FLT1_IRQHandler                   0x080001c7   Thumb Code     0  startup_stm32l452xx.o(.text)
    DMA1_Channel1_IRQHandler                 0x080001c7   Thumb Code     0  startup_stm32l452xx.o(.text)
    DMA1_Channel2_IRQHandler                 0x080001c7   Thumb Code     0  startup_stm32l452xx.o(.text)
    DMA1_Channel4_IRQHandler                 0x080001c7   Thumb Code     0  startup_stm32l452xx.o(.text)
    DMA1_Channel5_IRQHandler                 0x080001c7   Thumb Code     0  startup_stm32l452xx.o(.text)
    DMA1_Channel6_IRQHandler                 0x080001c7   Thumb Code     0  startup_stm32l452xx.o(.text)
    DMA1_Channel7_IRQHandler                 0x080001c7   Thumb Code     0  startup_stm32l452xx.o(.text)
    DMA2_Channel1_IRQHandler                 0x080001c7   Thumb Code     0  startup_stm32l452xx.o(.text)
    DMA2_Channel2_IRQHandler                 0x080001c7   Thumb Code     0  startup_stm32l452xx.o(.text)
    DMA2_Channel3_IRQHandler                 0x080001c7   Thumb Code     0  startup_stm32l452xx.o(.text)
    DMA2_Channel4_IRQHandler                 0x080001c7   Thumb Code     0  startup_stm32l452xx.o(.text)
    DMA2_Channel5_IRQHandler                 0x080001c7   Thumb Code     0  startup_stm32l452xx.o(.text)
    DMA2_Channel6_IRQHandler                 0x080001c7   Thumb Code     0  startup_stm32l452xx.o(.text)
    DMA2_Channel7_IRQHandler                 0x080001c7   Thumb Code     0  startup_stm32l452xx.o(.text)
    EXTI0_IRQHandler                         0x080001c7   Thumb Code     0  startup_stm32l452xx.o(.text)
    EXTI1_IRQHandler                         0x080001c7   Thumb Code     0  startup_stm32l452xx.o(.text)
    EXTI2_IRQHandler                         0x080001c7   Thumb Code     0  startup_stm32l452xx.o(.text)
    EXTI3_IRQHandler                         0x080001c7   Thumb Code     0  startup_stm32l452xx.o(.text)
    EXTI4_IRQHandler                         0x080001c7   Thumb Code     0  startup_stm32l452xx.o(.text)
    EXTI9_5_IRQHandler                       0x080001c7   Thumb Code     0  startup_stm32l452xx.o(.text)
    FLASH_IRQHandler                         0x080001c7   Thumb Code     0  startup_stm32l452xx.o(.text)
    FPU_IRQHandler                           0x080001c7   Thumb Code     0  startup_stm32l452xx.o(.text)
    I2C1_ER_IRQHandler                       0x080001c7   Thumb Code     0  startup_stm32l452xx.o(.text)
    I2C1_EV_IRQHandler                       0x080001c7   Thumb Code     0  startup_stm32l452xx.o(.text)
    I2C2_ER_IRQHandler                       0x080001c7   Thumb Code     0  startup_stm32l452xx.o(.text)
    I2C2_EV_IRQHandler                       0x080001c7   Thumb Code     0  startup_stm32l452xx.o(.text)
    I2C3_ER_IRQHandler                       0x080001c7   Thumb Code     0  startup_stm32l452xx.o(.text)
    I2C3_EV_IRQHandler                       0x080001c7   Thumb Code     0  startup_stm32l452xx.o(.text)
    I2C4_ER_IRQHandler                       0x080001c7   Thumb Code     0  startup_stm32l452xx.o(.text)
    I2C4_EV_IRQHandler                       0x080001c7   Thumb Code     0  startup_stm32l452xx.o(.text)
    LPTIM1_IRQHandler                        0x080001c7   Thumb Code     0  startup_stm32l452xx.o(.text)
    LPTIM2_IRQHandler                        0x080001c7   Thumb Code     0  startup_stm32l452xx.o(.text)
    LPUART1_IRQHandler                       0x080001c7   Thumb Code     0  startup_stm32l452xx.o(.text)
    PVD_PVM_IRQHandler                       0x080001c7   Thumb Code     0  startup_stm32l452xx.o(.text)
    QUADSPI_IRQHandler                       0x080001c7   Thumb Code     0  startup_stm32l452xx.o(.text)
    RCC_IRQHandler                           0x080001c7   Thumb Code     0  startup_stm32l452xx.o(.text)
    RNG_IRQHandler                           0x080001c7   Thumb Code     0  startup_stm32l452xx.o(.text)
    RTC_Alarm_IRQHandler                     0x080001c7   Thumb Code     0  startup_stm32l452xx.o(.text)
    RTC_WKUP_IRQHandler                      0x080001c7   Thumb Code     0  startup_stm32l452xx.o(.text)
    SAI1_IRQHandler                          0x080001c7   Thumb Code     0  startup_stm32l452xx.o(.text)
    SDMMC1_IRQHandler                        0x080001c7   Thumb Code     0  startup_stm32l452xx.o(.text)
    SPI1_IRQHandler                          0x080001c7   Thumb Code     0  startup_stm32l452xx.o(.text)
    SPI2_IRQHandler                          0x080001c7   Thumb Code     0  startup_stm32l452xx.o(.text)
    SPI3_IRQHandler                          0x080001c7   Thumb Code     0  startup_stm32l452xx.o(.text)
    TAMP_STAMP_IRQHandler                    0x080001c7   Thumb Code     0  startup_stm32l452xx.o(.text)
    TIM1_BRK_TIM15_IRQHandler                0x080001c7   Thumb Code     0  startup_stm32l452xx.o(.text)
    TIM1_CC_IRQHandler                       0x080001c7   Thumb Code     0  startup_stm32l452xx.o(.text)
    TIM1_TRG_COM_IRQHandler                  0x080001c7   Thumb Code     0  startup_stm32l452xx.o(.text)
    TIM1_UP_TIM16_IRQHandler                 0x080001c7   Thumb Code     0  startup_stm32l452xx.o(.text)
    TIM2_IRQHandler                          0x080001c7   Thumb Code     0  startup_stm32l452xx.o(.text)
    TIM3_IRQHandler                          0x080001c7   Thumb Code     0  startup_stm32l452xx.o(.text)
    TIM6_DAC_IRQHandler                      0x080001c7   Thumb Code     0  startup_stm32l452xx.o(.text)
    TSC_IRQHandler                           0x080001c7   Thumb Code     0  startup_stm32l452xx.o(.text)
    UART4_IRQHandler                         0x080001c7   Thumb Code     0  startup_stm32l452xx.o(.text)
    USART1_IRQHandler                        0x080001c7   Thumb Code     0  startup_stm32l452xx.o(.text)
    USART3_IRQHandler                        0x080001c7   Thumb Code     0  startup_stm32l452xx.o(.text)
    USB_IRQHandler                           0x080001c7   Thumb Code     0  startup_stm32l452xx.o(.text)
    WWDG_IRQHandler                          0x080001c7   Thumb Code     0  startup_stm32l452xx.o(.text)
    __aeabi_uldivmod                         0x080001d1   Thumb Code    98  uldiv.o(.text)
    __aeabi_memset                           0x08000239   Thumb Code    14  memseta.o(.text)
    __aeabi_memset4                          0x08000239   Thumb Code     0  memseta.o(.text)
    __aeabi_memset8                          0x08000239   Thumb Code     0  memseta.o(.text)
    __aeabi_memclr                           0x08000247   Thumb Code     4  memseta.o(.text)
    __aeabi_memclr4                          0x08000247   Thumb Code     0  memseta.o(.text)
    __aeabi_memclr8                          0x08000247   Thumb Code     0  memseta.o(.text)
    memset                                   0x0800024b   Thumb Code    18  memseta.o(.text)
    __aeabi_llsl                             0x0800025d   Thumb Code    30  llshl.o(.text)
    _ll_shift_l                              0x0800025d   Thumb Code     0  llshl.o(.text)
    __aeabi_llsr                             0x0800027b   Thumb Code    32  llushr.o(.text)
    _ll_ushift_r                             0x0800027b   Thumb Code     0  llushr.o(.text)
    __scatterload                            0x0800029d   Thumb Code    28  init.o(.text)
    __scatterload_rt2                        0x0800029d   Thumb Code     0  init.o(.text)
    BusFault_Handler                         0x080002c1   Thumb Code     2  stm32l4xx_it.o(i.BusFault_Handler)
    DMA1_Channel3_IRQHandler                 0x080002c5   Thumb Code     6  stm32l4xx_it.o(i.DMA1_Channel3_IRQHandler)
    DebugMon_Handler                         0x080002d1   Thumb Code     2  stm32l4xx_it.o(i.DebugMon_Handler)
    EXTI15_10_IRQHandler                     0x080002d3   Thumb Code     8  stm32l4xx_it.o(i.EXTI15_10_IRQHandler)
    Error_Handler                            0x080002db   Thumb Code     4  main.o(i.Error_Handler)
    HAL_CRCEx_Polynomial_Set                 0x080002df   Thumb Code    78  stm32l4xx_hal_crc_ex.o(i.HAL_CRCEx_Polynomial_Set)
    HAL_CRC_Init                             0x0800032d   Thumb Code   112  stm32l4xx_hal_crc.o(i.HAL_CRC_Init)
    HAL_CRC_MspInit                          0x080003a1   Thumb Code    30  crc.o(i.HAL_CRC_MspInit)
    HAL_DMA_Abort                            0x080003c9   Thumb Code    74  stm32l4xx_hal_dma.o(i.HAL_DMA_Abort)
    HAL_DMA_Abort_IT                         0x08000413   Thumb Code    78  stm32l4xx_hal_dma.o(i.HAL_DMA_Abort_IT)
    HAL_DMA_IRQHandler                       0x08000461   Thumb Code   186  stm32l4xx_hal_dma.o(i.HAL_DMA_IRQHandler)
    HAL_DMA_Init                             0x0800051d   Thumb Code   178  stm32l4xx_hal_dma.o(i.HAL_DMA_Init)
    HAL_Delay                                0x080005dd   Thumb Code    32  stm32l4xx_hal.o(i.HAL_Delay)
    HAL_GPIO_EXTI_Callback                   0x08000601   Thumb Code    52  gpio.o(i.HAL_GPIO_EXTI_Callback)
    HAL_GPIO_EXTI_IRQHandler                 0x0800063d   Thumb Code    18  stm32l4xx_hal_gpio.o(i.HAL_GPIO_EXTI_IRQHandler)
    HAL_GPIO_Init                            0x08000655   Thumb Code   434  stm32l4xx_hal_gpio.o(i.HAL_GPIO_Init)
    HAL_GPIO_ReadPin                         0x0800082b   Thumb Code    10  stm32l4xx_hal_gpio.o(i.HAL_GPIO_ReadPin)
    HAL_GPIO_WritePin                        0x08000835   Thumb Code    10  stm32l4xx_hal_gpio.o(i.HAL_GPIO_WritePin)
    HAL_GetTick                              0x08000841   Thumb Code     6  stm32l4xx_hal.o(i.HAL_GetTick)
    HAL_I2CEx_ConfigAnalogFilter             0x0800084d   Thumb Code    86  stm32l4xx_hal_i2c_ex.o(i.HAL_I2CEx_ConfigAnalogFilter)
    HAL_I2CEx_ConfigDigitalFilter            0x080008a3   Thumb Code    82  stm32l4xx_hal_i2c_ex.o(i.HAL_I2CEx_ConfigDigitalFilter)
    HAL_I2C_Init                             0x080008f5   Thumb Code   178  stm32l4xx_hal_i2c.o(i.HAL_I2C_Init)
    HAL_I2C_MspInit                          0x080009ad   Thumb Code   116  i2c.o(i.HAL_I2C_MspInit)
    HAL_IncTick                              0x08000a2d   Thumb Code    12  stm32l4xx_hal.o(i.HAL_IncTick)
    HAL_Init                                 0x08000a3d   Thumb Code    40  stm32l4xx_hal.o(i.HAL_Init)
    HAL_InitTick                             0x08000a69   Thumb Code    58  stm32l4xx_hal.o(i.HAL_InitTick)
    HAL_MspInit                              0x08000aad   Thumb Code    38  stm32l4xx_hal_msp.o(i.HAL_MspInit)
    HAL_NVIC_EnableIRQ                       0x08000ad9   Thumb Code    26  stm32l4xx_hal_cortex.o(i.HAL_NVIC_EnableIRQ)
    HAL_NVIC_SetPriority                     0x08000af5   Thumb Code    60  stm32l4xx_hal_cortex.o(i.HAL_NVIC_SetPriority)
    HAL_NVIC_SetPriorityGrouping             0x08000b35   Thumb Code    26  stm32l4xx_hal_cortex.o(i.HAL_NVIC_SetPriorityGrouping)
    HAL_PWREx_ControlVoltageScaling          0x08000b59   Thumb Code    90  stm32l4xx_hal_pwr_ex.o(i.HAL_PWREx_ControlVoltageScaling)
    HAL_PWREx_GetVoltageRange                0x08000bc1   Thumb Code    10  stm32l4xx_hal_pwr_ex.o(i.HAL_PWREx_GetVoltageRange)
    HAL_RCCEx_PeriphCLKConfig                0x08000bd1   Thumb Code   780  stm32l4xx_hal_rcc_ex.o(i.HAL_RCCEx_PeriphCLKConfig)
    HAL_RCC_ClockConfig                      0x08000eed   Thumb Code   304  stm32l4xx_hal_rcc.o(i.HAL_RCC_ClockConfig)
    HAL_RCC_GetPCLK1Freq                     0x08001031   Thumb Code    24  stm32l4xx_hal_rcc.o(i.HAL_RCC_GetPCLK1Freq)
    HAL_RCC_GetPCLK2Freq                     0x08001055   Thumb Code    24  stm32l4xx_hal_rcc.o(i.HAL_RCC_GetPCLK2Freq)
    HAL_RCC_GetSysClockFreq                  0x08001079   Thumb Code   150  stm32l4xx_hal_rcc.o(i.HAL_RCC_GetSysClockFreq)
    HAL_RCC_OscConfig                        0x0800111d   Thumb Code  1366  stm32l4xx_hal_rcc.o(i.HAL_RCC_OscConfig)
    HAL_SPI_Init                             0x0800167d   Thumb Code   224  stm32l4xx_hal_spi.o(i.HAL_SPI_Init)
    HAL_SPI_MspInit                          0x0800175d   Thumb Code   134  spi.o(i.HAL_SPI_MspInit)
    HAL_SYSTICK_Config                       0x080017f5   Thumb Code    40  stm32l4xx_hal_cortex.o(i.HAL_SYSTICK_Config)
    HAL_UARTEx_RxEventCallback               0x0800181d   Thumb Code     2  stm32l4xx_hal_uart.o(i.HAL_UARTEx_RxEventCallback)
    HAL_UARTEx_WakeupCallback                0x0800181f   Thumb Code     2  stm32l4xx_hal_uart_ex.o(i.HAL_UARTEx_WakeupCallback)
    HAL_UART_ErrorCallback                   0x08001821   Thumb Code     2  stm32l4xx_hal_uart.o(i.HAL_UART_ErrorCallback)
    HAL_UART_GetState                        0x08001823   Thumb Code    10  stm32l4xx_hal_uart.o(i.HAL_UART_GetState)
    HAL_UART_IRQHandler                      0x0800182d   Thumb Code   652  stm32l4xx_hal_uart.o(i.HAL_UART_IRQHandler)
    HAL_UART_Init                            0x08001ac1   Thumb Code   102  stm32l4xx_hal_uart.o(i.HAL_UART_Init)
    HAL_UART_MspInit                         0x08001b29   Thumb Code   128  usart.o(i.HAL_UART_MspInit)
    HAL_UART_Receive_IT                      0x08001bb1   Thumb Code    78  stm32l4xx_hal_uart.o(i.HAL_UART_Receive_IT)
    HAL_UART_RxCpltCallback                  0x08001c05   Thumb Code    20  main.o(i.HAL_UART_RxCpltCallback)
    HAL_UART_Transmit                        0x08001c21   Thumb Code   182  stm32l4xx_hal_uart.o(i.HAL_UART_Transmit)
    HAL_UART_TxCpltCallback                  0x08001cd7   Thumb Code     2  stm32l4xx_hal_uart.o(i.HAL_UART_TxCpltCallback)
    HardFault_Handler                        0x08001cd9   Thumb Code     2  stm32l4xx_it.o(i.HardFault_Handler)
    MX_CRC_Init                              0x08001cdd   Thumb Code    40  crc.o(i.MX_CRC_Init)
    MX_DMA_Init                              0x08001d0d   Thumb Code    40  dma.o(i.MX_DMA_Init)
    MX_GPIO_Init                             0x08001d39   Thumb Code   206  gpio.o(i.MX_GPIO_Init)
    MX_I2C1_Init                             0x08001e15   Thumb Code    76  i2c.o(i.MX_I2C1_Init)
    MX_SPI1_Init                             0x08001e6d   Thumb Code    70  spi.o(i.MX_SPI1_Init)
    MX_USART2_UART_Init                      0x08001ebd   Thumb Code    52  usart.o(i.MX_USART2_UART_Init)
    MemManage_Handler                        0x08001ef9   Thumb Code     2  stm32l4xx_it.o(i.MemManage_Handler)
    NMI_Handler                              0x08001efb   Thumb Code     2  stm32l4xx_it.o(i.NMI_Handler)
    PendSV_Handler                           0x08001efd   Thumb Code     2  stm32l4xx_it.o(i.PendSV_Handler)
    SVC_Handler                              0x080020a9   Thumb Code     2  stm32l4xx_it.o(i.SVC_Handler)
    SysTick_Handler                          0x080020ad   Thumb Code    16  stm32l4xx_it.o(i.SysTick_Handler)
    SystemClock_Config                       0x080020c1   Thumb Code   114  main.o(i.SystemClock_Config)
    SystemInit                               0x08002135   Thumb Code    12  system_stm32l4xx.o(i.SystemInit)
    UART_AdvFeatureConfig                    0x08002145   Thumb Code   200  stm32l4xx_hal_uart.o(i.UART_AdvFeatureConfig)
    UART_CheckIdleState                      0x0800220d   Thumb Code    92  stm32l4xx_hal_uart.o(i.UART_CheckIdleState)
    UART_SetConfig                           0x08002405   Thumb Code   508  stm32l4xx_hal_uart.o(i.UART_SetConfig)
    UART_Start_Receive_IT                    0x08002625   Thumb Code   176  stm32l4xx_hal_uart.o(i.UART_Start_Receive_IT)
    UART_WaitOnFlagUntilTimeout              0x080026dd   Thumb Code   198  stm32l4xx_hal_uart.o(i.UART_WaitOnFlagUntilTimeout)
    USART2_IRQHandler                        0x080027a5   Thumb Code     6  stm32l4xx_it.o(i.USART2_IRQHandler)
    UsageFault_Handler                       0x080027b1   Thumb Code     2  stm32l4xx_it.o(i.UsageFault_Handler)
    __0printf$5                              0x080027b5   Thumb Code    22  printf5.o(i.__0printf$5)
    __1printf$5                              0x080027b5   Thumb Code     0  printf5.o(i.__0printf$5)
    __2printf                                0x080027b5   Thumb Code     0  printf5.o(i.__0printf$5)
    __scatterload_copy                       0x080027f5   Thumb Code    14  handlers.o(i.__scatterload_copy)
    __scatterload_null                       0x08002803   Thumb Code     2  handlers.o(i.__scatterload_null)
    __scatterload_zeroinit                   0x08002805   Thumb Code    14  handlers.o(i.__scatterload_zeroinit)
    fputc                                    0x08002add   Thumb Code    20  main.o(i.fputc)
    main                                     0x08002af5   Thumb Code   174  main.o(i.main)
    AHBPrescTable                            0x08002c1c   Data          16  system_stm32l4xx.o(.constdata)
    MSIRangeTable                            0x08002c2c   Data          48  system_stm32l4xx.o(.constdata)
    APBPrescTable                            0x08002c5c   Data           8  system_stm32l4xx.o(.constdata)
    Region$$Table$$Base                      0x08002c64   Number         0  anon$$obj.o(Region$$Table)
    Region$$Table$$Limit                     0x08002c84   Number         0  anon$$obj.o(Region$$Table)
    UART_TRANS_OVER                          0x20000000   Data           1  main.o(.data)
    button                                   0x20000004   Data           4  gpio.o(.data)
    uwTickFreq                               0x20000008   Data           1  stm32l4xx_hal.o(.data)
    uwTickPrio                               0x2000000c   Data           4  stm32l4xx_hal.o(.data)
    uwTick                                   0x20000010   Data           4  stm32l4xx_hal.o(.data)
    SystemCoreClock                          0x20000014   Data           4  system_stm32l4xx.o(.data)
    OS_TimeMS                                0x20000018   Data           4  gui_x.o(.data)
    __stdout                                 0x2000001c   Data           4  stdout.o(.data)
    hcrc                                     0x20000020   Data          36  crc.o(.bss)
    hi2c1                                    0x20000044   Data          84  i2c.o(.bss)
    hspi1                                    0x20000098   Data         100  spi.o(.bss)
    hdma_spi1_tx                             0x200000fc   Data          72  spi.o(.bss)
    huart2                                   0x20000144   Data         132  usart.o(.bss)
    __initial_sp                             0x200081c8   Data           0  startup_stm32l452xx.o(STACK)



==============================================================================

Memory Map of the image

  Image Entry point : 0x08000195

  Load Region LR_IROM1 (Base: 0x08000000, Size: 0x00002ca4, Max: 0x00080000, ABSOLUTE)

    Execution Region ER_IROM1 (Exec base: 0x08000000, Load base: 0x08000000, Size: 0x00002c84, Max: 0x00080000, ABSOLUTE)

    Exec Addr    Load Addr    Size         Type   Attr      Idx    E Section Name        Object

    0x08000000   0x08000000   0x00000194   Data   RO            3    RESET               startup_stm32l452xx.o
    0x08000194   0x08000194   0x00000000   Code   RO         5026  * .ARM.Collect$$$$00000000  mc_w.l(entry.o)
    0x08000194   0x08000194   0x00000004   Code   RO         5306    .ARM.Collect$$$$00000001  mc_w.l(entry2.o)
    0x08000198   0x08000198   0x00000004   Code   RO         5309    .ARM.Collect$$$$00000004  mc_w.l(entry5.o)
    0x0800019c   0x0800019c   0x00000000   Code   RO         5311    .ARM.Collect$$$$00000008  mc_w.l(entry7b.o)
    0x0800019c   0x0800019c   0x00000000   Code   RO         5313    .ARM.Collect$$$$0000000A  mc_w.l(entry8b.o)
    0x0800019c   0x0800019c   0x00000008   Code   RO         5314    .ARM.Collect$$$$0000000B  mc_w.l(entry9a.o)
    0x080001a4   0x080001a4   0x00000004   Code   RO         5321    .ARM.Collect$$$$0000000E  mc_w.l(entry12b.o)
    0x080001a8   0x080001a8   0x00000000   Code   RO         5316    .ARM.Collect$$$$0000000F  mc_w.l(entry10a.o)
    0x080001a8   0x080001a8   0x00000000   Code   RO         5318    .ARM.Collect$$$$00000011  mc_w.l(entry11a.o)
    0x080001a8   0x080001a8   0x00000004   Code   RO         5307    .ARM.Collect$$$$00002712  mc_w.l(entry2.o)
    0x080001ac   0x080001ac   0x00000024   Code   RO            4    .text               startup_stm32l452xx.o
    0x080001d0   0x080001d0   0x00000068   Code   RO         5029    .text               mc_w.l(uldiv.o)
    0x08000238   0x08000238   0x00000024   Code   RO         5037    .text               mc_w.l(memseta.o)
    0x0800025c   0x0800025c   0x0000001e   Code   RO         5325    .text               mc_w.l(llshl.o)
    0x0800027a   0x0800027a   0x00000020   Code   RO         5327    .text               mc_w.l(llushr.o)
    0x0800029a   0x0800029a   0x00000002   PAD
    0x0800029c   0x0800029c   0x00000024   Code   RO         5340    .text               mc_w.l(init.o)
    0x080002c0   0x080002c0   0x00000002   Code   RO          556    i.BusFault_Handler  stm32l4xx_it.o
    0x080002c2   0x080002c2   0x00000002   PAD
    0x080002c4   0x080002c4   0x0000000c   Code   RO          557    i.DMA1_Channel3_IRQHandler  stm32l4xx_it.o
    0x080002d0   0x080002d0   0x00000002   Code   RO          558    i.DebugMon_Handler  stm32l4xx_it.o
    0x080002d2   0x080002d2   0x00000008   Code   RO          559    i.EXTI15_10_IRQHandler  stm32l4xx_it.o
    0x080002da   0x080002da   0x00000004   Code   RO          258    i.Error_Handler     main.o
    0x080002de   0x080002de   0x0000004e   Code   RO          746    i.HAL_CRCEx_Polynomial_Set  stm32l4xx_hal_crc_ex.o
    0x0800032c   0x0800032c   0x00000074   Code   RO          680    i.HAL_CRC_Init      stm32l4xx_hal_crc.o
    0x080003a0   0x080003a0   0x00000028   Code   RO          365    i.HAL_CRC_MspInit   crc.o
    0x080003c8   0x080003c8   0x0000004a   Code   RO         2100    i.HAL_DMA_Abort     stm32l4xx_hal_dma.o
    0x08000412   0x08000412   0x0000004e   Code   RO         2101    i.HAL_DMA_Abort_IT  stm32l4xx_hal_dma.o
    0x08000460   0x08000460   0x000000ba   Code   RO         2105    i.HAL_DMA_IRQHandler  stm32l4xx_hal_dma.o
    0x0800051a   0x0800051a   0x00000002   PAD
    0x0800051c   0x0800051c   0x000000c0   Code   RO         2106    i.HAL_DMA_Init      stm32l4xx_hal_dma.o
    0x080005dc   0x080005dc   0x00000024   Code   RO          787    i.HAL_Delay         stm32l4xx_hal.o
    0x08000600   0x08000600   0x0000003c   Code   RO          331    i.HAL_GPIO_EXTI_Callback  gpio.o
    0x0800063c   0x0800063c   0x00000018   Code   RO         2035    i.HAL_GPIO_EXTI_IRQHandler  stm32l4xx_hal_gpio.o
    0x08000654   0x08000654   0x000001d6   Code   RO         2036    i.HAL_GPIO_Init     stm32l4xx_hal_gpio.o
    0x0800082a   0x0800082a   0x0000000a   Code   RO         2038    i.HAL_GPIO_ReadPin  stm32l4xx_hal_gpio.o
    0x08000834   0x08000834   0x0000000a   Code   RO         2040    i.HAL_GPIO_WritePin  stm32l4xx_hal_gpio.o
    0x0800083e   0x0800083e   0x00000002   PAD
    0x08000840   0x08000840   0x0000000c   Code   RO          791    i.HAL_GetTick       stm32l4xx_hal.o
    0x0800084c   0x0800084c   0x00000056   Code   RO         1486    i.HAL_I2CEx_ConfigAnalogFilter  stm32l4xx_hal_i2c_ex.o
    0x080008a2   0x080008a2   0x00000052   Code   RO         1487    i.HAL_I2CEx_ConfigDigitalFilter  stm32l4xx_hal_i2c_ex.o
    0x080008f4   0x080008f4   0x000000b8   Code   RO         1025    i.HAL_I2C_Init      stm32l4xx_hal_i2c.o
    0x080009ac   0x080009ac   0x00000080   Code   RO          431    i.HAL_I2C_MspInit   i2c.o
    0x08000a2c   0x08000a2c   0x00000010   Code   RO          797    i.HAL_IncTick       stm32l4xx_hal.o
    0x08000a3c   0x08000a3c   0x0000002c   Code   RO          798    i.HAL_Init          stm32l4xx_hal.o
    0x08000a68   0x08000a68   0x00000044   Code   RO          799    i.HAL_InitTick      stm32l4xx_hal.o
    0x08000aac   0x08000aac   0x0000002c   Code   RO          650    i.HAL_MspInit       stm32l4xx_hal_msp.o
    0x08000ad8   0x08000ad8   0x0000001a   Code   RO         2553    i.HAL_NVIC_EnableIRQ  stm32l4xx_hal_cortex.o
    0x08000af2   0x08000af2   0x00000002   PAD
    0x08000af4   0x08000af4   0x00000040   Code   RO         2559    i.HAL_NVIC_SetPriority  stm32l4xx_hal_cortex.o
    0x08000b34   0x08000b34   0x00000024   Code   RO         2560    i.HAL_NVIC_SetPriorityGrouping  stm32l4xx_hal_cortex.o
    0x08000b58   0x08000b58   0x00000068   Code   RO         2327    i.HAL_PWREx_ControlVoltageScaling  stm32l4xx_hal_pwr_ex.o
    0x08000bc0   0x08000bc0   0x00000010   Code   RO         2354    i.HAL_PWREx_GetVoltageRange  stm32l4xx_hal_pwr_ex.o
    0x08000bd0   0x08000bd0   0x0000031a   Code   RO         1669    i.HAL_RCCEx_PeriphCLKConfig  stm32l4xx_hal_rcc_ex.o
    0x08000eea   0x08000eea   0x00000002   PAD
    0x08000eec   0x08000eec   0x00000144   Code   RO         1541    i.HAL_RCC_ClockConfig  stm32l4xx_hal_rcc.o
    0x08001030   0x08001030   0x00000024   Code   RO         1547    i.HAL_RCC_GetPCLK1Freq  stm32l4xx_hal_rcc.o
    0x08001054   0x08001054   0x00000024   Code   RO         1548    i.HAL_RCC_GetPCLK2Freq  stm32l4xx_hal_rcc.o
    0x08001078   0x08001078   0x000000a4   Code   RO         1550    i.HAL_RCC_GetSysClockFreq  stm32l4xx_hal_rcc.o
    0x0800111c   0x0800111c   0x00000560   Code   RO         1553    i.HAL_RCC_OscConfig  stm32l4xx_hal_rcc.o
    0x0800167c   0x0800167c   0x000000e0   Code   RO         2766    i.HAL_SPI_Init      stm32l4xx_hal_spi.o
    0x0800175c   0x0800175c   0x00000098   Code   RO          473    i.HAL_SPI_MspInit   spi.o
    0x080017f4   0x080017f4   0x00000028   Code   RO         2564    i.HAL_SYSTICK_Config  stm32l4xx_hal_cortex.o
    0x0800181c   0x0800181c   0x00000002   Code   RO         3151    i.HAL_UARTEx_RxEventCallback  stm32l4xx_hal_uart.o
    0x0800181e   0x0800181e   0x00000002   Code   RO         3544    i.HAL_UARTEx_WakeupCallback  stm32l4xx_hal_uart_ex.o
    0x08001820   0x08001820   0x00000002   Code   RO         3167    i.HAL_UART_ErrorCallback  stm32l4xx_hal_uart.o
    0x08001822   0x08001822   0x0000000a   Code   RO         3169    i.HAL_UART_GetState  stm32l4xx_hal_uart.o
    0x0800182c   0x0800182c   0x00000294   Code   RO         3170    i.HAL_UART_IRQHandler  stm32l4xx_hal_uart.o
    0x08001ac0   0x08001ac0   0x00000066   Code   RO         3171    i.HAL_UART_Init     stm32l4xx_hal_uart.o
    0x08001b26   0x08001b26   0x00000002   PAD
    0x08001b28   0x08001b28   0x00000088   Code   RO          515    i.HAL_UART_MspInit  usart.o
    0x08001bb0   0x08001bb0   0x00000054   Code   RO         3176    i.HAL_UART_Receive_IT  stm32l4xx_hal_uart.o
    0x08001c04   0x08001c04   0x0000001c   Code   RO          259    i.HAL_UART_RxCpltCallback  main.o
    0x08001c20   0x08001c20   0x000000b6   Code   RO         3180    i.HAL_UART_Transmit  stm32l4xx_hal_uart.o
    0x08001cd6   0x08001cd6   0x00000002   Code   RO         3183    i.HAL_UART_TxCpltCallback  stm32l4xx_hal_uart.o
    0x08001cd8   0x08001cd8   0x00000002   Code   RO          560    i.HardFault_Handler  stm32l4xx_it.o
    0x08001cda   0x08001cda   0x00000002   PAD
    0x08001cdc   0x08001cdc   0x00000030   Code   RO          366    i.MX_CRC_Init       crc.o
    0x08001d0c   0x08001d0c   0x0000002c   Code   RO          406    i.MX_DMA_Init       dma.o
    0x08001d38   0x08001d38   0x000000dc   Code   RO          332    i.MX_GPIO_Init      gpio.o
    0x08001e14   0x08001e14   0x00000058   Code   RO          432    i.MX_I2C1_Init      i2c.o
    0x08001e6c   0x08001e6c   0x00000050   Code   RO          474    i.MX_SPI1_Init      spi.o
    0x08001ebc   0x08001ebc   0x0000003c   Code   RO          516    i.MX_USART2_UART_Init  usart.o
    0x08001ef8   0x08001ef8   0x00000002   Code   RO          561    i.MemManage_Handler  stm32l4xx_it.o
    0x08001efa   0x08001efa   0x00000002   Code   RO          562    i.NMI_Handler       stm32l4xx_it.o
    0x08001efc   0x08001efc   0x00000002   Code   RO          563    i.PendSV_Handler    stm32l4xx_it.o
    0x08001efe   0x08001efe   0x00000002   PAD
    0x08001f00   0x08001f00   0x0000012c   Code   RO         1673    i.RCCEx_PLLSAI1_Config  stm32l4xx_hal_rcc_ex.o
    0x0800202c   0x0800202c   0x0000007c   Code   RO         1554    i.RCC_SetFlashLatencyFromMSIRange  stm32l4xx_hal_rcc.o
    0x080020a8   0x080020a8   0x00000002   Code   RO          564    i.SVC_Handler       stm32l4xx_it.o
    0x080020aa   0x080020aa   0x00000002   PAD
    0x080020ac   0x080020ac   0x00000014   Code   RO          565    i.SysTick_Handler   stm32l4xx_it.o
    0x080020c0   0x080020c0   0x00000072   Code   RO          260    i.SystemClock_Config  main.o
    0x08002132   0x08002132   0x00000002   PAD
    0x08002134   0x08002134   0x00000010   Code   RO         3619    i.SystemInit        system_stm32l4xx.o
    0x08002144   0x08002144   0x000000c8   Code   RO         3185    i.UART_AdvFeatureConfig  stm32l4xx_hal_uart.o
    0x0800220c   0x0800220c   0x0000005c   Code   RO         3186    i.UART_CheckIdleState  stm32l4xx_hal_uart.o
    0x08002268   0x08002268   0x00000014   Code   RO         3187    i.UART_DMAAbortOnError  stm32l4xx_hal_uart.o
    0x0800227c   0x0800227c   0x0000004a   Code   RO         3197    i.UART_EndRxTransfer  stm32l4xx_hal_uart.o
    0x080022c6   0x080022c6   0x0000009e   Code   RO         3199    i.UART_RxISR_16BIT  stm32l4xx_hal_uart.o
    0x08002364   0x08002364   0x0000009e   Code   RO         3200    i.UART_RxISR_8BIT   stm32l4xx_hal_uart.o
    0x08002402   0x08002402   0x00000002   PAD
    0x08002404   0x08002404   0x00000220   Code   RO         3201    i.UART_SetConfig    stm32l4xx_hal_uart.o
    0x08002624   0x08002624   0x000000b8   Code   RO         3203    i.UART_Start_Receive_IT  stm32l4xx_hal_uart.o
    0x080026dc   0x080026dc   0x000000c6   Code   RO         3206    i.UART_WaitOnFlagUntilTimeout  stm32l4xx_hal_uart.o
    0x080027a2   0x080027a2   0x00000002   PAD
    0x080027a4   0x080027a4   0x0000000c   Code   RO          566    i.USART2_IRQHandler  stm32l4xx_it.o
    0x080027b0   0x080027b0   0x00000002   Code   RO          567    i.UsageFault_Handler  stm32l4xx_it.o
    0x080027b2   0x080027b2   0x00000002   PAD
    0x080027b4   0x080027b4   0x00000020   Code   RO         5178    i.__0printf$5       mc_w.l(printf5.o)
    0x080027d4   0x080027d4   0x00000020   Code   RO         2566    i.__NVIC_SetPriority  stm32l4xx_hal_cortex.o
    0x080027f4   0x080027f4   0x0000000e   Code   RO         5399    i.__scatterload_copy  mc_w.l(handlers.o)
    0x08002802   0x08002802   0x00000002   Code   RO         5400    i.__scatterload_null  mc_w.l(handlers.o)
    0x08002804   0x08002804   0x0000000e   Code   RO         5401    i.__scatterload_zeroinit  mc_w.l(handlers.o)
    0x08002812   0x08002812   0x00000002   PAD
    0x08002814   0x08002814   0x000002c6   Code   RO         5185    i._printf_core      mc_w.l(printf5.o)
    0x08002ada   0x08002ada   0x00000002   PAD
    0x08002adc   0x08002adc   0x00000018   Code   RO          261    i.fputc             main.o
    0x08002af4   0x08002af4   0x00000128   Code   RO          262    i.main              main.o
    0x08002c1c   0x08002c1c   0x00000040   Data   RO         3620    .constdata          system_stm32l4xx.o
    0x08002c5c   0x08002c5c   0x00000008   Data   RO         3621    .constdata          system_stm32l4xx.o
    0x08002c64   0x08002c64   0x00000020   Data   RO         5397    Region$$Table       anon$$obj.o


    Execution Region RW_IRAM2 (Exec base: 0x10000000, Load base: 0x08002ca4, Size: 0x00000000, Max: 0x00008000, ABSOLUTE)

    **** No section assigned to this execution region ****


    Execution Region RW_IRAM1 (Exec base: 0x20000000, Load base: 0x08002c84, Size: 0x000081c8, Max: 0x00020000, ABSOLUTE)

    Exec Addr    Load Addr    Size         Type   Attr      Idx    E Section Name        Object

    0x20000000   0x08002c84   0x00000001   Data   RW          263    .data               main.o
    0x20000001   0x08002c85   0x00000003   PAD
    0x20000004   0x08002c88   0x00000004   Data   RW          333    .data               gpio.o
    0x20000008   0x08002c8c   0x0000000c   Data   RW          815    .data               stm32l4xx_hal.o
    0x20000014   0x08002c98   0x00000004   Data   RW         3622    .data               system_stm32l4xx.o
    0x20000018   0x08002c9c   0x00000004   Data   RW         3663    .data               gui_x.o
    0x2000001c   0x08002ca0   0x00000004   Data   RW         5322    .data               mc_w.l(stdout.o)
    0x20000020        -       0x00000024   Zero   RW          367    .bss                crc.o
    0x20000044        -       0x00000054   Zero   RW          433    .bss                i2c.o
    0x20000098        -       0x000000ac   Zero   RW          475    .bss                spi.o
    0x20000144        -       0x00000084   Zero   RW          517    .bss                usart.o
    0x200001c8        -       0x00008000   Zero   RW            1    STACK               startup_stm32l452xx.o


==============================================================================

Image component sizes


      Code (inc. data)   RO Data    RW Data    ZI Data      Debug   Object Name

        88         18          0          0         36       1507   crc.o
        44          4          0          0          0        762   dma.o
       280         22          0          4          0       1757   gpio.o
         0          0          0          0          0     701092   gt30l32s4w.o
         0          0          0          4          0        216   gui_x.o
       216         24          0          0         84       1729   i2c.o
       466        134          0          1          0       4914   main.o
       232         28          0          0        172       1754   spi.o
        36          8        404          0      32768        828   startup_stm32l452xx.o
       176         28          0         12          0      13509   stm32l4xx_hal.o
       198         14          0          0          0      33799   stm32l4xx_hal_cortex.o
       116          4          0          0          0       1143   stm32l4xx_hal_crc.o
        78          0          0          0          0       1251   stm32l4xx_hal_crc_ex.o
       530         14          0          0          0       3467   stm32l4xx_hal_dma.o
       514         36          0          0          0       3518   stm32l4xx_hal_gpio.o
       184          6          0          0          0       3215   stm32l4xx_hal_i2c.o
       168          0          0          0          0       1899   stm32l4xx_hal_i2c_ex.o
        44          6          0          0          0        838   stm32l4xx_hal_msp.o
       120         20          0          0          0       1354   stm32l4xx_hal_pwr_ex.o
      2060         98          0          0          0       6948   stm32l4xx_hal_rcc.o
      1094         30          0          0          0       2984   stm32l4xx_hal_rcc_ex.o
       224          0          0          0          0       1227   stm32l4xx_hal_spi.o
      2672         78          0          0          0      15225   stm32l4xx_hal_uart.o
         2          0          0          0          0       1004   stm32l4xx_hal_uart_ex.o
        68         16          0          0          0       5556   stm32l4xx_it.o
        16          4         72          4          0       1165   system_stm32l4xx.o
       196         16          0          0        132       1738   usart.o

    ----------------------------------------------------------------------
      9848        608        508         28      33192     814399   Object Totals
         0          0         32          0          0          0   (incl. Generated)
        26          0          0          3          0          0   (incl. Padding)

    ----------------------------------------------------------------------

      Code (inc. data)   RO Data    RW Data    ZI Data      Debug   Library Member Name

         0          0          0          0          0          0   entry.o
         0          0          0          0          0          0   entry10a.o
         0          0          0          0          0          0   entry11a.o
         4          0          0          0          0          0   entry12b.o
         8          4          0          0          0          0   entry2.o
         4          0          0          0          0          0   entry5.o
         0          0          0          0          0          0   entry7b.o
         0          0          0          0          0          0   entry8b.o
         8          4          0          0          0          0   entry9a.o
        30          0          0          0          0          0   handlers.o
        36          8          0          0          0         68   init.o
        30          0          0          0          0         68   llshl.o
        32          0          0          0          0         68   llushr.o
        36          0          0          0          0        108   memseta.o
       742         54          0          0          0        184   printf5.o
         0          0          0          4          0          0   stdout.o
       104          0          0          0          0         92   uldiv.o

    ----------------------------------------------------------------------
      1040         70          0          4          0        588   Library Totals
         6          0          0          0          0          0   (incl. Padding)

    ----------------------------------------------------------------------

      Code (inc. data)   RO Data    RW Data    ZI Data      Debug   Library Name

      1034         70          0          4          0        588   mc_w.l

    ----------------------------------------------------------------------
      1040         70          0          4          0        588   Library Totals

    ----------------------------------------------------------------------

==============================================================================


      Code (inc. data)   RO Data    RW Data    ZI Data      Debug   

     10888        678        508         32      33192     807583   Grand Totals
     10888        678        508         32      33192     807583   ELF Image Totals
     10888        678        508         32          0          0   ROM Totals

==============================================================================

    Total RO  Size (Code + RO Data)                11396 (  11.13kB)
    Total RW  Size (RW Data + ZI Data)             33224 (  32.45kB)
    Total ROM Size (Code + RO Data + RW Data)      11428 (  11.16kB)

==============================================================================

